#
# A fatal error has been detected by the Java Runtime Environment:
#
#  EXCEPTION_ACCESS_VIOLATION (0xc0000005) at pc=0x000001be54d90f9f, pid=7008, tid=11576
#
# JRE version: OpenJDK Runtime Environment Temurin-21+35-202309042131 (21.0+35) (build 21-beta+35-ea)
# Java VM: OpenJDK 64-Bit Server VM Temurin-21+35-202309042131 (21-beta+35-ea, mixed mode, emulated-client, sharing, tiered, compressed oops, compressed class ptrs, g1 gc, windows-amd64)
# Problematic frame:
# v  ~BufferBlob::MethodHandles adapters 0x000001be54d90f9f
#
# No core dump will be written. Minidumps are not enabled by default on client versions of Windows
#
# If you would like to submit a bug report, please visit:
#   https://github.com/adoptium/adoptium-support/issues
#

---------------  S U M M A R Y ------------

Command Line: -XX:+ShowCodeDetailsInExceptionMessages -agentlib:jdwp=transport=dt_socket,suspend=y,address=localhost:51784 -Dcom.sun.management.jmxremote -Dcom.sun.management.jmxremote.port=51783 -Dcom.sun.management.jmxremote.authenticate=false -Dcom.sun.management.jmxremote.ssl=false -Djava.rmi.server.hostname=localhost -Dspring.jmx.enabled=true -Dmanagement.endpoints.jmx.exposure.include=* -Dspring.application.admin.enabled=true -XX:TieredStopAtLevel=1 -Dspring.boot.project.name=LanguageExam -javaagent:C:\pleiades\2023-09\eclipse\configuration\org.eclipse.osgi\301\0\.cp\lib\javaagent-shaded.jar -Dfile.encoding=UTF-8 -Dstdout.encoding=UTF-8 -Dstderr.encoding=UTF-8 language.exam.LanguageExamApplication --spring.output.ansi.enabled=always

Host: Intel(R) Core(TM) i7-8650U CPU @ 1.90GHz, 8 cores, 7G,  Windows 11 , 64 bit Build 26100 (10.0.26100.5074)
Time: Thu Oct  2 13:22:27 2025  Windows 11 , 64 bit Build 26100 (10.0.26100.5074) elapsed time: 377.057938 seconds (0d 0h 6m 17s)

---------------  T H R E A D  ---------------

Current thread (0x000001be63f87b00):  JavaThread "http-nio-8080-exec-2" daemon [_thread_in_Java, id=11576, stack(0x0000006fd0800000,0x0000006fd0900000) (1024K)]

Stack: [0x0000006fd0800000,0x0000006fd0900000],  sp=0x0000006fd08fb698,  free space=1005k
Native frames: (J=compiled Java code, j=interpreted, Vv=VM code, C=native code)
C  0x000001be54d90f9f

The last pc belongs to _linkToVirtual (printed below).

siginfo: EXCEPTION_ACCESS_VIOLATION (0xc0000005), reading address 0x000000b800230037


Registers:
RAX=0x000001be54d6958b, RBX=0x000000b80022ffff, RCX=0x0000006fd08fb6b0, RDX=0x0000000000000004
RSP=0x0000006fd08fb698, RBP=0x0000006fd08fb6f8, RSI=0x000001be624ca1f8, RDI=0x000001be64faa100
R8 =0x0000000000000004, R9 =0x0000000000000004, R10=0x000001be5f6f0276, R11=0x0000000000000000
R12=0x0000000000000000, R13=0x0000006fd08fb698, R14=0x0000006fd08fb728, R15=0x000001be63f87b00
RIP=0x000001be54d90f9f, EFLAGS=0x0000000000010202


Register to memory mapping:

RAX=0x000001be54d6958b is at code_begin+4363 in an Interpreter codelet
return entry points  [0x000001be54d68480, 0x000001be54d6a298]  7704 bytes
RBX=0x000000b80022ffff is an unknown value
RCX=0x0000006fd08fb6b0 is pointing into the stack for thread: 0x000001be63f87b00
RDX=0x0000000000000004 is an unknown value
RSP=0x0000006fd08fb698 is pointing into the stack for thread: 0x000001be63f87b00
RBP=0x0000006fd08fb6f8 is pointing into the stack for thread: 0x000001be63f87b00
RSI=0x000001be624ca1f8 points into unknown readable memory: 0x88002672efa55ed3 | d3 5e a5 ef 72 26 00 88
RDI=0x000001be64faa100 points into unknown readable memory: 0x0000002800000080 | 80 00 00 00 28 00 00 00
R8 =0x0000000000000004 is an unknown value
R9 =0x0000000000000004 is an unknown value
R10=0x000001be5f6f0276 is pointing into metadata
R11=0x0 is null
R12=0x0 is null
R13=0x0000006fd08fb698 is pointing into the stack for thread: 0x000001be63f87b00
R14=0x0000006fd08fb728 is pointing into the stack for thread: 0x000001be63f87b00
R15=0x000001be63f87b00 is a thread

Top of Stack: (sp=0x0000006fd08fb698)
0x0000006fd08fb698:   000001be54d6958b 000000008279f180
0x0000006fd08fb6a8:   000000008539da68 0000006fd08fb6b0
0x0000006fd08fb6b8:   000001be5f6f0276 0000000000000006
0x0000006fd08fb6c8:   000001be5f6f03c8 0000006fd08fb798
0x0000006fd08fb6d8:   0000000082f0a000 000001be5f6f0288
0x0000006fd08fb6e8:   0000006fd08fb698 0000006fd08fb730
0x0000006fd08fb6f8:   0000006fd08fb798 000001be54d6958b
0x0000006fd08fb708:   00000000891ec478 00000000891ec438
0x0000006fd08fb718:   000000008279f180 000000008539da68
0x0000006fd08fb728:   000000008919d8a8 000000008a3f7980
0x0000006fd08fb738:   000000008279f180 000000008539da68
0x0000006fd08fb748:   000000008a3fab98 0000006fd08fb750
0x0000006fd08fb758:   000001be5eaf1b01 000000000000000c
0x0000006fd08fb768:   000001be5eaf1c50 0000000000000000
0x0000006fd08fb778:   00000000850fa138 000001be5eaf1b10
0x0000006fd08fb788:   0000006fd08fb730 0000006fd08fb800
0x0000006fd08fb798:   0000006fd08fbaa0 000001be557c7cda
0x0000006fd08fb7a8:   000000008919d8a8 000000008539da68
0x0000006fd08fb7b8:   00000000891ec500 00000000891ec438
0x0000006fd08fb7c8:   0000000089100128 000000008279f180
0x0000006fd08fb7d8:   00000000891ec4d8 00000000891ec438
0x0000006fd08fb7e8:   000000008279f180 000000008539da68
0x0000006fd08fb7f8:   00000000891ec4a8 0000000083fd88e8
0x0000006fd08fb808:   000000008a3fb020 000000008a3faff0
0x0000006fd08fb818:   0000006f00000001 0000000083fd88e8
0x0000006fd08fb828:   0000000083b96280 000000008510e7c0
0x0000006fd08fb838:   000000008a3fa4c8 0000006fd08fbaa0
0x0000006fd08fb848:   000001be5519f6ec 00007fff7a5647d8
0x0000006fd08fb858:   0000000000000000 0000006fd08fbaa0
0x0000006fd08fb868:   000001be5541d7ec 0000000000000000
0x0000006fd08fb878:   0000000000000000 0000000000000000
0x0000006fd08fb888:   0000000000000000 0000000000000000 

Instructions: (pc=0x000001be54d90f9f)
0x000001be54d90e9f:   00 80 1f d9 54 be 01 00 00 00 0f d9 54 be 01 00
0x000001be54d90eaf:   00 80 1f d9 54 be 01 00 00 f0 0e d9 54 be 01 00
0x000001be54d90ebf:   00 f0 0e d9 54 be 01 00 00 00 00 00 00 00 00 00
0x000001be54d90ecf:   00 f8 b6 50 7a ff 7f 00 00 f0 10 00 00 60 00 00
0x000001be54d90edf:   00 ff ff ff ff f0 10 00 00 00 00 00 00 00 00 00
0x000001be54d90eef:   00 00 00 00 00 00 00 00 00 00 00 00 00 00 00 00
0x000001be54d90eff:   00 f4 66 66 66 0f 1f 84 00 00 00 00 00 66 66 66
0x000001be54d90f0f:   90 66 66 66 0f 1f 84 00 00 00 00 00 66 66 66 90
0x000001be54d90f1f:   90 48 8b 53 08 0f b7 52 2e 48 8b 0c d4 8b 59 14
0x000001be54d90f2f:   8b 5b 28 8b 5b 24 48 8b 5b 10 48 85 db 0f 84 10
0x000001be54d90f3f:   00 00 00 41 80 bf e0 05 00 00 00 74 03 ff 63 38
0x000001be54d90f4f:   ff 63 50 e9 a9 16 00 00 66 0f 1f 84 00 00 00 00
0x000001be54d90f5f:   00 48 8b 53 08 0f b7 52 2e 48 8b 0c d4 58 5b 50
0x000001be54d90f6f:   44 8b 51 08 49 bb 00 00 00 00 be 01 00 00 4d 03
0x000001be54d90f7f:   d3 4c 8b 5b 10 4b 8b 9c da c8 01 00 00 48 85 db
0x000001be54d90f8f:   0f 84 10 00 00 00 41 80 bf e0 05 00 00 00 74 03
0x000001be54d90f9f:   ff 63 38 ff 63 50 e9 56 16 00 00 66 66 66 0f 1f
0x000001be54d90faf:   84 00 00 00 00 00 66 66 66 90 0f 1f 80 00 00 00
0x000001be54d90fbf:   00 58 5b 50 8b 5b 24 48 8b 5b 10 48 85 db 0f 84
0x000001be54d90fcf:   10 00 00 00 41 80 bf e0 05 00 00 00 74 03 ff 63
0x000001be54d90fdf:   38 ff 63 50 e9 18 16 00 00 66 66 66 0f 1f 84 00
0x000001be54d90fef:   00 00 00 00 66 66 66 90 66 0f 1f 84 00 00 00 00
0x000001be54d90fff:   00 48 8b 53 08 0f b7 52 2e 48 8b 0c d4 58 5b 50
0x000001be54d9100f:   48 3b 01 8b 5b 24 48 8b 5b 10 48 85 db 0f 84 10
0x000001be54d9101f:   00 00 00 41 80 bf e0 05 00 00 00 74 03 ff 63 38
0x000001be54d9102f:   ff 63 50 e9 c9 15 00 00 66 0f 1f 84 00 00 00 00
0x000001be54d9103f:   00 48 8b 53 08 0f b7 52 2e 48 8b 0c d4 58 5b 50
0x000001be54d9104f:   44 8b 51 08 49 bb 00 00 00 00 be 01 00 00 4d 03
0x000001be54d9105f:   d3 8b 43 18 48 8b 40 10 48 8b 5b 10 45 8b 9a a0
0x000001be54d9106f:   00 00 00 4f 8d 9c da c8 01 00 00 4d 8d 14 da 49
0x000001be54d9107f:   8b 1b 48 3b c3 74 15 48 85 db 0f 84 32 00 00 00
0x000001be54d9108f:   49 83 c3 10 49 8b 1b 48 3b c3 75 eb 45 8b 5b 08 


Stack slot to memory mapping:

stack at sp + 0 slots: 0x000001be54d6958b is at code_begin+4363 in an Interpreter codelet
return entry points  [0x000001be54d68480, 0x000001be54d6a298]  7704 bytes
stack at sp + 1 slots: 0x000000008279f180 is an oop: java.lang.Integer 
{0x000000008279f180} - klass: 'java/lang/Integer'
 - ---- fields (total size 2 words):
 - private final 'value' 'I' @12  1 (0x00000001)
stack at sp + 2 slots: 0x000000008539da68 is an oop: language.exam.controller.GuideController 
{0x000000008539da68} - klass: 'language/exam/controller/GuideController'
 - ---- fields (total size 4 words):
 - private 'subjectsService' 'Llanguage/exam/domain/exams/service/SubjectsService;' @12  a 'language/exam/domain/exams/service/impl/SubjectsServiceImpl'{0x000000008539da88} (0x8539da88)
 - private 'gradesService' 'Llanguage/exam/domain/exams/service/GradesService;' @16  a 'language/exam/domain/exams/service/impl/GradesServiceImpl'{0x000000008539dac0} (0x8539dac0)
 - private 'infosService' 'Llanguage/exam/domain/exams/service/InfosService;' @20  a 'language/exam/domain/exams/service/impl/InfosServiceImpl'{0x000000008539daf8} (0x8539daf8)
 - private 'placesService' 'Llanguage/exam/domain/exams/service/PlacesService;' @24  a 'language/exam/domain/exams/service/impl/PlacesServiceImpl'{0x000000008539db30} (0x8539db30)
 - private 'examInfosService' 'Llanguage/exam/domain/exams/service/ExamInfosService;' @28  a 'language/exam/domain/exams/service/impl/ExamInfosServiceImpl'{0x000000008539db68} (0x8539db68)
stack at sp + 3 slots: 0x0000006fd08fb6b0 is pointing into the stack for thread: 0x000001be63f87b00
stack at sp + 4 slots: 0x000001be5f6f0276 is pointing into metadata
stack at sp + 5 slots: 0x0000000000000006 is an unknown value
stack at sp + 6 slots: 0x000001be5f6f03c8 is pointing into metadata
stack at sp + 7 slots: 0x0000006fd08fb798 is pointing into the stack for thread: 0x000001be63f87b00

MethodHandle::interpreter_entry::_linkToVirtual [0x000001be54d90f57, 0x000001be54d90faa] (83 bytes)
[MachCode]
  0x000001be54d90f57: 660f 1f84 | 0000 0000 | 0048 8b53 | 080f b752 | 2e48 8b0c | d458 5b50 | 448b 5108 | 49bb 0000 
  0x000001be54d90f77: 0000 be01 | 0000 4d03 | d34c 8b5b | 104b 8b9c | dac8 0100 | 0048 85db | 0f84 1000 | 0000 4180 
  0x000001be54d90f97: bfe0 0500 | 0000 7403 | ff63 38ff | 6350 e956 | 
[/MachCode]

---------------  P R O C E S S  ---------------

Threads class SMR info:
_java_thread_list=0x000001be65ecf790, length=38, elements={
0x000001be5d7b0c90, 0x000001be5d7b2b00, 0x000001be5d7baf90, 0x000001be5d7bbe80,
0x000001be5d7bef40, 0x000001be5d7c16d0, 0x000001be5d7c6a70, 0x000001be5d984d60,
0x000001be5da11770, 0x000001be5da1d520, 0x000001be5da1dba0, 0x000001be62353800,
0x000001be6259e7c0, 0x000001be62557f90, 0x000001be625db760, 0x000001be6255fd00,
0x000001be62aeec60, 0x000001be629ec6c0, 0x000001be63f87470, 0x000001be63f86de0,
0x000001be63f8a260, 0x000001be651fa5f0, 0x000001be651fb9a0, 0x000001be651fc030,
0x000001be651fb310, 0x000001be63f85a30, 0x000001be63f83ff0, 0x000001be63f87b00,
0x000001be63f84680, 0x000001be63f88190, 0x000001be63f84d10, 0x000001be63f860c0,
0x000001be63f86750, 0x000001be63f88820, 0x000001be63f853a0, 0x000001be63f88eb0,
0x000001be63f8b610, 0x000001be63f89540
}

Java Threads: ( => current thread )
  0x000001be5d7b0c90 JavaThread "Reference Handler"          daemon [_thread_blocked, id=2072, stack(0x0000006fce600000,0x0000006fce700000) (1024K)]
  0x000001be5d7b2b00 JavaThread "Finalizer"                  daemon [_thread_blocked, id=11572, stack(0x0000006fce700000,0x0000006fce800000) (1024K)]
  0x000001be5d7baf90 JavaThread "Signal Dispatcher"          daemon [_thread_blocked, id=1936, stack(0x0000006fce800000,0x0000006fce900000) (1024K)]
  0x000001be5d7bbe80 JavaThread "Attach Listener"            daemon [_thread_blocked, id=9372, stack(0x0000006fce900000,0x0000006fcea00000) (1024K)]
  0x000001be5d7bef40 JavaThread "Service Thread"             daemon [_thread_blocked, id=11736, stack(0x0000006fcea00000,0x0000006fceb00000) (1024K)]
  0x000001be5d7c16d0 JavaThread "Monitor Deflation Thread"   daemon [_thread_blocked, id=3468, stack(0x0000006fceb00000,0x0000006fcec00000) (1024K)]
  0x000001be5d7c6a70 JavaThread "C1 CompilerThread0"         daemon [_thread_blocked, id=8388, stack(0x0000006fcec00000,0x0000006fced00000) (1024K)]
  0x000001be5d984d60 JavaThread "Common-Cleaner"             daemon [_thread_blocked, id=8500, stack(0x0000006fced00000,0x0000006fcee00000) (1024K)]
  0x000001be5da11770 JavaThread "JDWP Transport Listener: dt_socket" daemon [_thread_blocked, id=4256, stack(0x0000006fcf000000,0x0000006fcf100000) (1024K)]
  0x000001be5da1d520 JavaThread "JDWP Event Helper Thread"   daemon [_thread_blocked, id=11900, stack(0x0000006fcf100000,0x0000006fcf200000) (1024K)]
  0x000001be5da1dba0 JavaThread "JDWP Command Reader"        daemon [_thread_in_native, id=4240, stack(0x0000006fcf200000,0x0000006fcf300000) (1024K)]
  0x000001be62353800 JavaThread "Notification Thread"        daemon [_thread_blocked, id=4736, stack(0x0000006fcf300000,0x0000006fcf400000) (1024K)]
  0x000001be6259e7c0 JavaThread "RMI TCP Accept-0"           daemon [_thread_in_native, id=11192, stack(0x0000006fcfc00000,0x0000006fcfd00000) (1024K)]
  0x000001be62557f90 JavaThread "RMI TCP Accept-51783"       daemon [_thread_in_native, id=12152, stack(0x0000006fcfd00000,0x0000006fcfe00000) (1024K)]
  0x000001be625db760 JavaThread "RMI TCP Accept-0"           daemon [_thread_in_native, id=5720, stack(0x0000006fcfe00000,0x0000006fcff00000) (1024K)]
  0x000001be6255fd00 JavaThread "RMI Scheduler(0)"           daemon [_thread_blocked, id=5916, stack(0x0000006fd0000000,0x0000006fd0100000) (1024K)]
  0x000001be62aeec60 JavaThread "RMI TCP Connection(idle)"   daemon [_thread_blocked, id=6876, stack(0x0000006fd0100000,0x0000006fd0200000) (1024K)]
  0x000001be629ec6c0 JavaThread "JMX server connection timeout 41" daemon [_thread_blocked, id=7428, stack(0x0000006fd0400000,0x0000006fd0500000) (1024K)]
  0x000001be63f87470 JavaThread "mysql-cj-abandoned-connection-cleanup" daemon [_thread_blocked, id=9076, stack(0x0000006fd0900000,0x0000006fd0a00000) (1024K)]
  0x000001be63f86de0 JavaThread "Live Reload Server"         daemon [_thread_in_native, id=4364, stack(0x0000006fd0f00000,0x0000006fd1000000) (1024K)]
  0x000001be63f8a260 JavaThread "DestroyJavaVM"                     [_thread_blocked, id=12636, stack(0x0000006fcde00000,0x0000006fcdf00000) (1024K)]
  0x000001be651fa5f0 JavaThread "Catalina-utility-1"                [_thread_blocked, id=13388, stack(0x0000006fcef00000,0x0000006fcf000000) (1024K)]
  0x000001be651fb9a0 JavaThread "Catalina-utility-2"                [_thread_blocked, id=13804, stack(0x0000006fcf400000,0x0000006fcf500000) (1024K)]
  0x000001be651fc030 JavaThread "container-0"                       [_thread_blocked, id=4476, stack(0x0000006fcff00000,0x0000006fd0000000) (1024K)]
  0x000001be651fb310 JavaThread "HikariPool-3:housekeeper"   daemon [_thread_blocked, id=1420, stack(0x0000006fd0200000,0x0000006fd0300000) (1024K)]
  0x000001be63f85a30 JavaThread "File Watcher"               daemon [_thread_blocked, id=5380, stack(0x0000006fd0500000,0x0000006fd0600000) (1024K)]
  0x000001be63f83ff0 JavaThread "http-nio-8080-exec-1"       daemon [_thread_in_Java, id=11308, stack(0x0000006fd0700000,0x0000006fd0800000) (1024K)]
=>0x000001be63f87b00 JavaThread "http-nio-8080-exec-2"       daemon [_thread_in_Java, id=11576, stack(0x0000006fd0800000,0x0000006fd0900000) (1024K)]
  0x000001be63f84680 JavaThread "http-nio-8080-exec-3"       daemon [_thread_in_Java, id=9252, stack(0x0000006fd0b00000,0x0000006fd0c00000) (1024K)]
  0x000001be63f88190 JavaThread "http-nio-8080-exec-4"       daemon [_thread_blocked, id=1912, stack(0x0000006fd0c00000,0x0000006fd0d00000) (1024K)]
  0x000001be63f84d10 JavaThread "http-nio-8080-exec-5"       daemon [_thread_blocked, id=5884, stack(0x0000006fd0d00000,0x0000006fd0e00000) (1024K)]
  0x000001be63f860c0 JavaThread "http-nio-8080-exec-6"       daemon [_thread_blocked, id=2668, stack(0x0000006fd0e00000,0x0000006fd0f00000) (1024K)]
  0x000001be63f86750 JavaThread "http-nio-8080-exec-7"       daemon [_thread_blocked, id=12796, stack(0x0000006fd1000000,0x0000006fd1100000) (1024K)]
  0x000001be63f88820 JavaThread "http-nio-8080-exec-8"       daemon [_thread_blocked, id=11524, stack(0x0000006fd1100000,0x0000006fd1200000) (1024K)]
  0x000001be63f853a0 JavaThread "http-nio-8080-exec-9"       daemon [_thread_blocked, id=8436, stack(0x0000006fd1200000,0x0000006fd1300000) (1024K)]
  0x000001be63f88eb0 JavaThread "http-nio-8080-exec-10"      daemon [_thread_blocked, id=6908, stack(0x0000006fd1300000,0x0000006fd1400000) (1024K)]
  0x000001be63f8b610 JavaThread "http-nio-8080-Poller"       daemon [_thread_in_native, id=10104, stack(0x0000006fd1400000,0x0000006fd1500000) (1024K)]
  0x000001be63f89540 JavaThread "http-nio-8080-Acceptor"     daemon [_thread_in_native, id=3276, stack(0x0000006fd1500000,0x0000006fd1600000) (1024K)]
Total: 38

Other Threads:
  0x000001be5d78ef90 VMThread "VM Thread"                           [id=10236, stack(0x0000006fce500000,0x0000006fce600000) (1024K)]
  0x000001be5d77a780 WatcherThread "VM Periodic Task Thread"        [id=6128, stack(0x0000006fce400000,0x0000006fce500000) (1024K)]
  0x000001be4add1db0 WorkerThread "GC Thread#0"                     [id=6096, stack(0x0000006fcdf00000,0x0000006fce000000) (1024K)]
  0x000001be625011c0 WorkerThread "GC Thread#1"                     [id=1192, stack(0x0000006fcf500000,0x0000006fcf600000) (1024K)]
  0x000001be62529d10 WorkerThread "GC Thread#2"                     [id=9992, stack(0x0000006fcf600000,0x0000006fcf700000) (1024K)]
  0x000001be62569e70 WorkerThread "GC Thread#3"                     [id=9248, stack(0x0000006fcf700000,0x0000006fcf800000) (1024K)]
  0x000001be6256a210 WorkerThread "GC Thread#4"                     [id=12008, stack(0x0000006fcf800000,0x0000006fcf900000) (1024K)]
  0x000001be6256a5b0 WorkerThread "GC Thread#5"                     [id=6856, stack(0x0000006fcf900000,0x0000006fcfa00000) (1024K)]
  0x000001be6257a960 WorkerThread "GC Thread#6"                     [id=9092, stack(0x0000006fcfa00000,0x0000006fcfb00000) (1024K)]
  0x000001be6257b110 WorkerThread "GC Thread#7"                     [id=10996, stack(0x0000006fcfb00000,0x0000006fcfc00000) (1024K)]
  0x000001be4ade4710 ConcurrentGCThread "G1 Main Marker"            [id=5320, stack(0x0000006fce000000,0x0000006fce100000) (1024K)]
  0x000001be4ade5130 WorkerThread "G1 Conc#0"                       [id=4512, stack(0x0000006fce100000,0x0000006fce200000) (1024K)]
  0x000001be62bcaf70 WorkerThread "G1 Conc#1"                       [id=2788, stack(0x0000006fd0600000,0x0000006fd0700000) (1024K)]
  0x000001be4ae2e740 ConcurrentGCThread "G1 Refine#0"               [id=1188, stack(0x0000006fce200000,0x0000006fce300000) (1024K)]
  0x000001be5d63da50 ConcurrentGCThread "G1 Service"                [id=1820, stack(0x0000006fce300000,0x0000006fce400000) (1024K)]
Total: 15

Threads with active compile tasks:
Total: 0

VM state: not at safepoint (normal execution)

VM Mutex/Monitor currently owned by a thread: None

Heap address: 0x0000000081e00000, size: 2018 MB, Compressed Oops mode: 32-bit

CDS archive(s) mapped at: [0x000001be00000000-0x000001be00c90000-0x000001be00c90000), size 13172736, SharedBaseAddress: 0x000001be00000000, ArchiveRelocationMode: 1.
Compressed class space mapped at: 0x000001be01000000-0x000001be41000000, reserved size: 1073741824
Narrow klass base: 0x000001be00000000, Narrow klass shift: 0, Narrow klass range: 0x100000000

GC Precious Log:
 CardTable entry size: 512
 Card Set container configuration: InlinePtr #cards 5 size 8 Array Of Cards #cards 12 size 40 Howl #buckets 4 coarsen threshold 1843 Howl Bitmap #cards 512 size 80 coarsen threshold 460 Card regions per heap region 1 cards per card region 2048
 CPUs: 8 total, 8 available
 Memory: 8070M
 Large Page Support: Disabled
 NUMA Support: Disabled
 Compressed Oops: Enabled (32-bit)
 Heap Region Size: 1M
 Heap Min Capacity: 8M
 Heap Initial Capacity: 128M
 Heap Max Capacity: 2018M
 Pre-touch: Disabled
 Parallel Workers: 8
 Concurrent Workers: 2
 Concurrent Refinement Workers: 8
 Periodic GC: Disabled

Heap:
 garbage-first heap   total 182272K, used 84042K [0x0000000081e00000, 0x0000000100000000)
  region size 1024K, 9 young (9216K), 6 survivors (6144K)
 Metaspace       used 81879K, committed 83328K, reserved 1179648K
  class space    used 11107K, committed 11840K, reserved 1048576K

Heap Regions: E=young(eden), S=young(survivor), O=old, HS=humongous(starts), HC=humongous(continues), CS=collection set, F=free, TAMS=top-at-mark-start, PB=parsable bottom
|   0|0x0000000081e00000, 0x0000000081f00000, 0x0000000081f00000|100%|HS|  |TAMS 0x0000000081e00000| PB 0x0000000081e00000| Complete 
|   1|0x0000000081f00000, 0x0000000082000000, 0x0000000082000000|100%|HS|  |TAMS 0x0000000081f00000| PB 0x0000000081f00000| Complete 
|   2|0x0000000082000000, 0x0000000082100000, 0x0000000082100000|100%| O|  |TAMS 0x0000000082000000| PB 0x0000000082000000| Untracked 
|   3|0x0000000082100000, 0x00000000821ffbb8, 0x0000000082200000| 99%| O|  |TAMS 0x0000000082100000| PB 0x0000000082100000| Untracked 
|   4|0x0000000082200000, 0x0000000082300000, 0x0000000082300000|100%| O|  |TAMS 0x0000000082200000| PB 0x0000000082200000| Untracked 
|   5|0x0000000082300000, 0x0000000082400000, 0x0000000082400000|100%| O|  |TAMS 0x0000000082300000| PB 0x0000000082300000| Untracked 
|   6|0x0000000082400000, 0x0000000082500000, 0x0000000082500000|100%| O|  |TAMS 0x0000000082400000| PB 0x0000000082400000| Untracked 
|   7|0x0000000082500000, 0x0000000082600000, 0x0000000082600000|100%| O|  |TAMS 0x0000000082500000| PB 0x0000000082500000| Untracked 
|   8|0x0000000082600000, 0x00000000826fffb0, 0x0000000082700000| 99%| O|  |TAMS 0x0000000082600000| PB 0x0000000082600000| Untracked 
|   9|0x0000000082700000, 0x0000000082800000, 0x0000000082800000|100%| O|  |TAMS 0x0000000082700000| PB 0x0000000082700000| Untracked 
|  10|0x0000000082800000, 0x00000000828ffff0, 0x0000000082900000| 99%| O|  |TAMS 0x0000000082800000| PB 0x0000000082800000| Untracked 
|  11|0x0000000082900000, 0x00000000829ffa40, 0x0000000082a00000| 99%| O|  |TAMS 0x0000000082900000| PB 0x0000000082900000| Untracked 
|  12|0x0000000082a00000, 0x0000000082affff8, 0x0000000082b00000| 99%| O|  |TAMS 0x0000000082a00000| PB 0x0000000082a00000| Untracked 
|  13|0x0000000082b00000, 0x0000000082bffff8, 0x0000000082c00000| 99%| O|  |TAMS 0x0000000082b00000| PB 0x0000000082b00000| Untracked 
|  14|0x0000000082c00000, 0x0000000082cffff0, 0x0000000082d00000| 99%| O|  |TAMS 0x0000000082c00000| PB 0x0000000082c00000| Untracked 
|  15|0x0000000082d00000, 0x0000000082dfffd8, 0x0000000082e00000| 99%| O|  |TAMS 0x0000000082d00000| PB 0x0000000082d00000| Untracked 
|  16|0x0000000082e00000, 0x0000000082efffe0, 0x0000000082f00000| 99%| O|  |TAMS 0x0000000082e00000| PB 0x0000000082e00000| Untracked 
|  17|0x0000000082f00000, 0x0000000082ffffd0, 0x0000000083000000| 99%| O|  |TAMS 0x0000000082f00000| PB 0x0000000082f00000| Untracked 
|  18|0x0000000083000000, 0x00000000830ffff0, 0x0000000083100000| 99%| O|  |TAMS 0x0000000083000000| PB 0x0000000083000000| Untracked 
|  19|0x0000000083100000, 0x00000000831fffe0, 0x0000000083200000| 99%| O|  |TAMS 0x0000000083100000| PB 0x0000000083100000| Untracked 
|  20|0x0000000083200000, 0x00000000832fff88, 0x0000000083300000| 99%| O|  |TAMS 0x0000000083200000| PB 0x0000000083200000| Untracked 
|  21|0x0000000083300000, 0x00000000833ffff0, 0x0000000083400000| 99%| O|  |TAMS 0x0000000083300000| PB 0x0000000083300000| Untracked 
|  22|0x0000000083400000, 0x00000000834fc098, 0x0000000083500000| 98%| O|  |TAMS 0x0000000083400000| PB 0x0000000083400000| Untracked 
|  23|0x0000000083500000, 0x0000000083600000, 0x0000000083600000|100%| O|  |TAMS 0x0000000083500000| PB 0x0000000083500000| Untracked 
|  24|0x0000000083600000, 0x00000000836ffff0, 0x0000000083700000| 99%| O|  |TAMS 0x0000000083600000| PB 0x0000000083600000| Untracked 
|  25|0x0000000083700000, 0x00000000837ffff0, 0x0000000083800000| 99%| O|  |TAMS 0x0000000083700000| PB 0x0000000083700000| Untracked 
|  26|0x0000000083800000, 0x00000000838dab08, 0x0000000083900000| 85%| O|  |TAMS 0x0000000083800000| PB 0x0000000083800000| Untracked 
|  27|0x0000000083900000, 0x00000000839ffff8, 0x0000000083a00000| 99%| O|  |TAMS 0x0000000083900000| PB 0x0000000083900000| Untracked 
|  28|0x0000000083a00000, 0x0000000083ad5a58, 0x0000000083b00000| 83%| O|  |TAMS 0x0000000083a00000| PB 0x0000000083a00000| Untracked 
|  29|0x0000000083b00000, 0x0000000083bffff8, 0x0000000083c00000| 99%| O|  |TAMS 0x0000000083b00000| PB 0x0000000083b00000| Untracked 
|  30|0x0000000083c00000, 0x0000000083cffff8, 0x0000000083d00000| 99%| O|  |TAMS 0x0000000083c00000| PB 0x0000000083c00000| Untracked 
|  31|0x0000000083d00000, 0x0000000083dc8110, 0x0000000083e00000| 78%| O|  |TAMS 0x0000000083d00000| PB 0x0000000083d00000| Untracked 
|  32|0x0000000083e00000, 0x0000000083efffd8, 0x0000000083f00000| 99%| O|  |TAMS 0x0000000083e00000| PB 0x0000000083e00000| Untracked 
|  33|0x0000000083f00000, 0x0000000084000000, 0x0000000084000000|100%| O|  |TAMS 0x0000000083f00000| PB 0x0000000083f00000| Untracked 
|  34|0x0000000084000000, 0x0000000084100000, 0x0000000084100000|100%| O|  |TAMS 0x0000000084000000| PB 0x0000000084000000| Untracked 
|  35|0x0000000084100000, 0x0000000084200000, 0x0000000084200000|100%| O|  |TAMS 0x0000000084100000| PB 0x0000000084100000| Untracked 
|  36|0x0000000084200000, 0x0000000084284270, 0x0000000084300000| 51%| O|  |TAMS 0x0000000084200000| PB 0x0000000084200000| Untracked 
|  37|0x0000000084300000, 0x0000000084365110, 0x0000000084400000| 39%| O|Cm|TAMS 0x0000000084300000| PB 0x0000000084300000| Complete 
|  38|0x0000000084400000, 0x0000000084500000, 0x0000000084500000|100%| O|  |TAMS 0x0000000084400000| PB 0x0000000084400000| Untracked 
|  39|0x0000000084500000, 0x0000000084566e10, 0x0000000084600000| 40%| O|  |TAMS 0x0000000084500000| PB 0x0000000084500000| Untracked 
|  40|0x0000000084600000, 0x0000000084700000, 0x0000000084700000|100%| O|  |TAMS 0x0000000084600000| PB 0x0000000084600000| Untracked 
|  41|0x0000000084700000, 0x0000000084800000, 0x0000000084800000|100%| O|  |TAMS 0x0000000084700000| PB 0x0000000084700000| Untracked 
|  42|0x0000000084800000, 0x0000000084900000, 0x0000000084900000|100%| O|  |TAMS 0x0000000084800000| PB 0x0000000084800000| Untracked 
|  43|0x0000000084900000, 0x0000000084a00000, 0x0000000084a00000|100%| O|  |TAMS 0x0000000084900000| PB 0x0000000084900000| Untracked 
|  44|0x0000000084a00000, 0x0000000084b00000, 0x0000000084b00000|100%| O|  |TAMS 0x0000000084a00000| PB 0x0000000084a00000| Untracked 
|  45|0x0000000084b00000, 0x0000000084c00000, 0x0000000084c00000|100%| O|  |TAMS 0x0000000084b00000| PB 0x0000000084b00000| Untracked 
|  46|0x0000000084c00000, 0x0000000084d00000, 0x0000000084d00000|100%| O|  |TAMS 0x0000000084c00000| PB 0x0000000084c00000| Untracked 
|  47|0x0000000084d00000, 0x0000000084e00000, 0x0000000084e00000|100%| O|  |TAMS 0x0000000084d00000| PB 0x0000000084d00000| Untracked 
|  48|0x0000000084e00000, 0x0000000084f00000, 0x0000000084f00000|100%| O|  |TAMS 0x0000000084e00000| PB 0x0000000084e00000| Untracked 
|  49|0x0000000084f00000, 0x0000000085000000, 0x0000000085000000|100%| O|  |TAMS 0x0000000084f00000| PB 0x0000000084f00000| Untracked 
|  50|0x0000000085000000, 0x0000000085100000, 0x0000000085100000|100%| O|Cm|TAMS 0x0000000085000000| PB 0x0000000085000000| Complete 
|  51|0x0000000085100000, 0x0000000085200000, 0x0000000085200000|100%| O|  |TAMS 0x0000000085100000| PB 0x0000000085100000| Untracked 
|  52|0x0000000085200000, 0x0000000085300000, 0x0000000085300000|100%| O|  |TAMS 0x0000000085200000| PB 0x0000000085200000| Untracked 
|  53|0x0000000085300000, 0x0000000085400000, 0x0000000085400000|100%| O|  |TAMS 0x0000000085300000| PB 0x0000000085300000| Untracked 
|  54|0x0000000085400000, 0x0000000085500000, 0x0000000085500000|100%| O|  |TAMS 0x0000000085400000| PB 0x0000000085400000| Untracked 
|  55|0x0000000085500000, 0x0000000085600000, 0x0000000085600000|100%| O|  |TAMS 0x0000000085500000| PB 0x0000000085500000| Untracked 
|  56|0x0000000085600000, 0x0000000085700000, 0x0000000085700000|100%| O|  |TAMS 0x0000000085600000| PB 0x0000000085600000| Untracked 
|  57|0x0000000085700000, 0x0000000085800000, 0x0000000085800000|100%| O|  |TAMS 0x0000000085700000| PB 0x0000000085700000| Untracked 
|  58|0x0000000085800000, 0x0000000085900000, 0x0000000085900000|100%| O|  |TAMS 0x0000000085800000| PB 0x0000000085800000| Untracked 
|  59|0x0000000085900000, 0x0000000085a00000, 0x0000000085a00000|100%| O|  |TAMS 0x0000000085900000| PB 0x0000000085900000| Untracked 
|  60|0x0000000085a00000, 0x0000000085b00000, 0x0000000085b00000|100%| O|  |TAMS 0x0000000085a00000| PB 0x0000000085a00000| Untracked 
|  61|0x0000000085b00000, 0x0000000085c00000, 0x0000000085c00000|100%| O|  |TAMS 0x0000000085b00000| PB 0x0000000085b00000| Untracked 
|  62|0x0000000085c00000, 0x0000000085d00000, 0x0000000085d00000|100%| O|  |TAMS 0x0000000085c00000| PB 0x0000000085c00000| Untracked 
|  63|0x0000000085d00000, 0x0000000085e00000, 0x0000000085e00000|100%| O|  |TAMS 0x0000000085d00000| PB 0x0000000085d00000| Untracked 
|  64|0x0000000085e00000, 0x0000000085f00000, 0x0000000085f00000|100%| O|  |TAMS 0x0000000085e00000| PB 0x0000000085e00000| Untracked 
|  65|0x0000000085f00000, 0x0000000086000000, 0x0000000086000000|100%| O|  |TAMS 0x0000000085f00000| PB 0x0000000085f00000| Untracked 
|  66|0x0000000086000000, 0x0000000086100000, 0x0000000086100000|100%| O|  |TAMS 0x0000000086000000| PB 0x0000000086000000| Untracked 
|  67|0x0000000086100000, 0x0000000086200000, 0x0000000086200000|100%| O|  |TAMS 0x0000000086100000| PB 0x0000000086100000| Untracked 
|  68|0x0000000086200000, 0x0000000086300000, 0x0000000086300000|100%| O|  |TAMS 0x0000000086200000| PB 0x0000000086200000| Untracked 
|  69|0x0000000086300000, 0x0000000086400000, 0x0000000086400000|100%| O|  |TAMS 0x0000000086300000| PB 0x0000000086300000| Untracked 
|  70|0x0000000086400000, 0x0000000086500000, 0x0000000086500000|100%| O|  |TAMS 0x0000000086400000| PB 0x0000000086400000| Untracked 
|  71|0x0000000086500000, 0x0000000086600000, 0x0000000086600000|100%| O|  |TAMS 0x0000000086500000| PB 0x0000000086500000| Untracked 
|  72|0x0000000086600000, 0x0000000086600000, 0x0000000086700000|  0%| F|  |TAMS 0x0000000086600000| PB 0x0000000086600000| Untracked 
|  73|0x0000000086700000, 0x0000000086700000, 0x0000000086800000|  0%| F|  |TAMS 0x0000000086700000| PB 0x0000000086700000| Untracked 
|  74|0x0000000086800000, 0x0000000086800000, 0x0000000086900000|  0%| F|  |TAMS 0x0000000086800000| PB 0x0000000086800000| Untracked 
|  75|0x0000000086900000, 0x0000000086900000, 0x0000000086a00000|  0%| F|  |TAMS 0x0000000086900000| PB 0x0000000086900000| Untracked 
|  76|0x0000000086a00000, 0x0000000086a00000, 0x0000000086b00000|  0%| F|  |TAMS 0x0000000086a00000| PB 0x0000000086a00000| Untracked 
|  77|0x0000000086b00000, 0x0000000086b00000, 0x0000000086c00000|  0%| F|  |TAMS 0x0000000086b00000| PB 0x0000000086b00000| Untracked 
|  78|0x0000000086c00000, 0x0000000086d00000, 0x0000000086d00000|100%| O|  |TAMS 0x0000000086c00000| PB 0x0000000086c00000| Untracked 
|  79|0x0000000086d00000, 0x0000000086e00000, 0x0000000086e00000|100%| O|  |TAMS 0x0000000086d00000| PB 0x0000000086d00000| Untracked 
|  80|0x0000000086e00000, 0x0000000086f00000, 0x0000000086f00000|100%| O|  |TAMS 0x0000000086e00000| PB 0x0000000086e00000| Untracked 
|  81|0x0000000086f00000, 0x0000000087000000, 0x0000000087000000|100%| O|  |TAMS 0x0000000086f00000| PB 0x0000000086f00000| Untracked 
|  82|0x0000000087000000, 0x0000000087100000, 0x0000000087100000|100%| O|  |TAMS 0x0000000087000000| PB 0x0000000087000000| Untracked 
|  83|0x0000000087100000, 0x0000000087100000, 0x0000000087200000|  0%| F|  |TAMS 0x0000000087100000| PB 0x0000000087100000| Untracked 
|  84|0x0000000087200000, 0x0000000087200000, 0x0000000087300000|  0%| F|  |TAMS 0x0000000087200000| PB 0x0000000087200000| Untracked 
|  85|0x0000000087300000, 0x0000000087300000, 0x0000000087400000|  0%| F|  |TAMS 0x0000000087300000| PB 0x0000000087300000| Untracked 
|  86|0x0000000087400000, 0x0000000087400000, 0x0000000087500000|  0%| F|  |TAMS 0x0000000087400000| PB 0x0000000087400000| Untracked 
|  87|0x0000000087500000, 0x0000000087500000, 0x0000000087600000|  0%| F|  |TAMS 0x0000000087500000| PB 0x0000000087500000| Untracked 
|  88|0x0000000087600000, 0x0000000087600000, 0x0000000087700000|  0%| F|  |TAMS 0x0000000087600000| PB 0x0000000087600000| Untracked 
|  89|0x0000000087700000, 0x0000000087700000, 0x0000000087800000|  0%| F|  |TAMS 0x0000000087700000| PB 0x0000000087700000| Untracked 
|  90|0x0000000087800000, 0x0000000087800000, 0x0000000087900000|  0%| F|  |TAMS 0x0000000087800000| PB 0x0000000087800000| Untracked 
|  91|0x0000000087900000, 0x0000000087900000, 0x0000000087a00000|  0%| F|  |TAMS 0x0000000087900000| PB 0x0000000087900000| Untracked 
|  92|0x0000000087a00000, 0x0000000087a00000, 0x0000000087b00000|  0%| F|  |TAMS 0x0000000087a00000| PB 0x0000000087a00000| Untracked 
|  93|0x0000000087b00000, 0x0000000087b00000, 0x0000000087c00000|  0%| F|  |TAMS 0x0000000087b00000| PB 0x0000000087b00000| Untracked 
|  94|0x0000000087c00000, 0x0000000087c00000, 0x0000000087d00000|  0%| F|  |TAMS 0x0000000087c00000| PB 0x0000000087c00000| Untracked 
|  95|0x0000000087d00000, 0x0000000087d00000, 0x0000000087e00000|  0%| F|  |TAMS 0x0000000087d00000| PB 0x0000000087d00000| Untracked 
|  96|0x0000000087e00000, 0x0000000087e00000, 0x0000000087f00000|  0%| F|  |TAMS 0x0000000087e00000| PB 0x0000000087e00000| Untracked 
|  97|0x0000000087f00000, 0x0000000087f00000, 0x0000000088000000|  0%| F|  |TAMS 0x0000000087f00000| PB 0x0000000087f00000| Untracked 
|  98|0x0000000088000000, 0x0000000088000000, 0x0000000088100000|  0%| F|  |TAMS 0x0000000088000000| PB 0x0000000088000000| Untracked 
|  99|0x0000000088100000, 0x0000000088100000, 0x0000000088200000|  0%| F|  |TAMS 0x0000000088100000| PB 0x0000000088100000| Untracked 
| 100|0x0000000088200000, 0x0000000088200000, 0x0000000088300000|  0%| F|  |TAMS 0x0000000088200000| PB 0x0000000088200000| Untracked 
| 101|0x0000000088300000, 0x0000000088300000, 0x0000000088400000|  0%| F|  |TAMS 0x0000000088300000| PB 0x0000000088300000| Untracked 
| 102|0x0000000088400000, 0x0000000088400000, 0x0000000088500000|  0%| F|  |TAMS 0x0000000088400000| PB 0x0000000088400000| Untracked 
| 103|0x0000000088500000, 0x0000000088500000, 0x0000000088600000|  0%| F|  |TAMS 0x0000000088500000| PB 0x0000000088500000| Untracked 
| 104|0x0000000088600000, 0x0000000088600000, 0x0000000088700000|  0%| F|  |TAMS 0x0000000088600000| PB 0x0000000088600000| Untracked 
| 105|0x0000000088700000, 0x0000000088700000, 0x0000000088800000|  0%| F|  |TAMS 0x0000000088700000| PB 0x0000000088700000| Untracked 
| 106|0x0000000088800000, 0x0000000088800000, 0x0000000088900000|  0%| F|  |TAMS 0x0000000088800000| PB 0x0000000088800000| Untracked 
| 107|0x0000000088900000, 0x0000000088900000, 0x0000000088a00000|  0%| F|  |TAMS 0x0000000088900000| PB 0x0000000088900000| Untracked 
| 108|0x0000000088a00000, 0x0000000088a00000, 0x0000000088b00000|  0%| F|  |TAMS 0x0000000088a00000| PB 0x0000000088a00000| Untracked 
| 109|0x0000000088b00000, 0x0000000088b00000, 0x0000000088c00000|  0%| F|  |TAMS 0x0000000088b00000| PB 0x0000000088b00000| Untracked 
| 110|0x0000000088c00000, 0x0000000088c4ebd0, 0x0000000088d00000| 30%| S|CS|TAMS 0x0000000088c00000| PB 0x0000000088c00000| Complete 
| 111|0x0000000088d00000, 0x0000000088e00000, 0x0000000088e00000|100%| S|CS|TAMS 0x0000000088d00000| PB 0x0000000088d00000| Complete 
| 112|0x0000000088e00000, 0x0000000088f00000, 0x0000000088f00000|100%| S|CS|TAMS 0x0000000088e00000| PB 0x0000000088e00000| Complete 
| 113|0x0000000088f00000, 0x0000000089000000, 0x0000000089000000|100%| S|CS|TAMS 0x0000000088f00000| PB 0x0000000088f00000| Complete 
| 114|0x0000000089000000, 0x0000000089100000, 0x0000000089100000|100%| S|CS|TAMS 0x0000000089000000| PB 0x0000000089000000| Complete 
| 115|0x0000000089100000, 0x0000000089200000, 0x0000000089200000|100%| S|CS|TAMS 0x0000000089100000| PB 0x0000000089100000| Complete 
| 116|0x0000000089200000, 0x0000000089200000, 0x0000000089300000|  0%| F|  |TAMS 0x0000000089200000| PB 0x0000000089200000| Untracked 
| 117|0x0000000089300000, 0x0000000089300000, 0x0000000089400000|  0%| F|  |TAMS 0x0000000089300000| PB 0x0000000089300000| Untracked 
| 118|0x0000000089400000, 0x0000000089400000, 0x0000000089500000|  0%| F|  |TAMS 0x0000000089400000| PB 0x0000000089400000| Untracked 
| 119|0x0000000089500000, 0x0000000089500000, 0x0000000089600000|  0%| F|  |TAMS 0x0000000089500000| PB 0x0000000089500000| Untracked 
| 120|0x0000000089600000, 0x0000000089600000, 0x0000000089700000|  0%| F|  |TAMS 0x0000000089600000| PB 0x0000000089600000| Untracked 
| 121|0x0000000089700000, 0x0000000089700000, 0x0000000089800000|  0%| F|  |TAMS 0x0000000089700000| PB 0x0000000089700000| Untracked 
| 122|0x0000000089800000, 0x0000000089800000, 0x0000000089900000|  0%| F|  |TAMS 0x0000000089800000| PB 0x0000000089800000| Untracked 
| 123|0x0000000089900000, 0x0000000089900000, 0x0000000089a00000|  0%| F|  |TAMS 0x0000000089900000| PB 0x0000000089900000| Untracked 
| 124|0x0000000089a00000, 0x0000000089a00000, 0x0000000089b00000|  0%| F|  |TAMS 0x0000000089a00000| PB 0x0000000089a00000| Untracked 
| 125|0x0000000089b00000, 0x0000000089b00000, 0x0000000089c00000|  0%| F|  |TAMS 0x0000000089b00000| PB 0x0000000089b00000| Untracked 
| 126|0x0000000089c00000, 0x0000000089c00000, 0x0000000089d00000|  0%| F|  |TAMS 0x0000000089c00000| PB 0x0000000089c00000| Untracked 
| 127|0x0000000089d00000, 0x0000000089d00000, 0x0000000089e00000|  0%| F|  |TAMS 0x0000000089d00000| PB 0x0000000089d00000| Untracked 
| 128|0x0000000089e00000, 0x0000000089e00000, 0x0000000089f00000|  0%| F|  |TAMS 0x0000000089e00000| PB 0x0000000089e00000| Untracked 
| 129|0x0000000089f00000, 0x0000000089f00000, 0x000000008a000000|  0%| F|  |TAMS 0x0000000089f00000| PB 0x0000000089f00000| Untracked 
| 130|0x000000008a000000, 0x000000008a000000, 0x000000008a100000|  0%| F|  |TAMS 0x000000008a000000| PB 0x000000008a000000| Untracked 
| 131|0x000000008a100000, 0x000000008a100000, 0x000000008a200000|  0%| F|  |TAMS 0x000000008a100000| PB 0x000000008a100000| Untracked 
| 132|0x000000008a200000, 0x000000008a200000, 0x000000008a300000|  0%| F|  |TAMS 0x000000008a200000| PB 0x000000008a200000| Untracked 
| 133|0x000000008a300000, 0x000000008a300000, 0x000000008a400000|  0%| F|  |TAMS 0x000000008a300000| PB 0x000000008a300000| Untracked 
| 134|0x000000008a400000, 0x000000008a400000, 0x000000008a500000|  0%| F|  |TAMS 0x000000008a400000| PB 0x000000008a400000| Untracked 
| 135|0x000000008a500000, 0x000000008a500000, 0x000000008a600000|  0%| F|  |TAMS 0x000000008a500000| PB 0x000000008a500000| Untracked 
| 136|0x000000008a600000, 0x000000008a600000, 0x000000008a700000|  0%| F|  |TAMS 0x000000008a600000| PB 0x000000008a600000| Untracked 
| 137|0x000000008a700000, 0x000000008a700000, 0x000000008a800000|  0%| F|  |TAMS 0x000000008a700000| PB 0x000000008a700000| Untracked 
| 138|0x000000008a800000, 0x000000008a800000, 0x000000008a900000|  0%| F|  |TAMS 0x000000008a800000| PB 0x000000008a800000| Untracked 
| 139|0x000000008a900000, 0x000000008a900000, 0x000000008aa00000|  0%| F|  |TAMS 0x000000008a900000| PB 0x000000008a900000| Untracked 
| 140|0x000000008aa00000, 0x000000008aa00000, 0x000000008ab00000|  0%| F|  |TAMS 0x000000008aa00000| PB 0x000000008aa00000| Untracked 
| 141|0x000000008ab00000, 0x000000008ab00000, 0x000000008ac00000|  0%| F|  |TAMS 0x000000008ab00000| PB 0x000000008ab00000| Untracked 
| 142|0x000000008ac00000, 0x000000008ac00000, 0x000000008ad00000|  0%| F|  |TAMS 0x000000008ac00000| PB 0x000000008ac00000| Untracked 
| 143|0x000000008ad00000, 0x000000008ad00000, 0x000000008ae00000|  0%| F|  |TAMS 0x000000008ad00000| PB 0x000000008ad00000| Untracked 
| 144|0x000000008ae00000, 0x000000008ae00000, 0x000000008af00000|  0%| F|  |TAMS 0x000000008ae00000| PB 0x000000008ae00000| Untracked 
| 145|0x000000008af00000, 0x000000008af00000, 0x000000008b000000|  0%| F|  |TAMS 0x000000008af00000| PB 0x000000008af00000| Untracked 
| 146|0x000000008b000000, 0x000000008b000000, 0x000000008b100000|  0%| F|  |TAMS 0x000000008b000000| PB 0x000000008b000000| Untracked 
| 147|0x000000008b100000, 0x000000008b100000, 0x000000008b200000|  0%| F|  |TAMS 0x000000008b100000| PB 0x000000008b100000| Untracked 
| 148|0x000000008b200000, 0x000000008b200000, 0x000000008b300000|  0%| F|  |TAMS 0x000000008b200000| PB 0x000000008b200000| Untracked 
| 149|0x000000008b300000, 0x000000008b300000, 0x000000008b400000|  0%| F|  |TAMS 0x000000008b300000| PB 0x000000008b300000| Untracked 
| 150|0x000000008b400000, 0x000000008b400000, 0x000000008b500000|  0%| F|  |TAMS 0x000000008b400000| PB 0x000000008b400000| Untracked 
| 151|0x000000008b500000, 0x000000008b500000, 0x000000008b600000|  0%| F|  |TAMS 0x000000008b500000| PB 0x000000008b500000| Untracked 
| 152|0x000000008b600000, 0x000000008b600000, 0x000000008b700000|  0%| F|  |TAMS 0x000000008b600000| PB 0x000000008b600000| Untracked 
| 153|0x000000008b700000, 0x000000008b700000, 0x000000008b800000|  0%| F|  |TAMS 0x000000008b700000| PB 0x000000008b700000| Untracked 
| 154|0x000000008b800000, 0x000000008b800000, 0x000000008b900000|  0%| F|  |TAMS 0x000000008b800000| PB 0x000000008b800000| Untracked 
| 155|0x000000008b900000, 0x000000008b900000, 0x000000008ba00000|  0%| F|  |TAMS 0x000000008b900000| PB 0x000000008b900000| Untracked 
| 156|0x000000008ba00000, 0x000000008ba00000, 0x000000008bb00000|  0%| F|  |TAMS 0x000000008ba00000| PB 0x000000008ba00000| Untracked 
| 157|0x000000008bb00000, 0x000000008bb00000, 0x000000008bc00000|  0%| F|  |TAMS 0x000000008bb00000| PB 0x000000008bb00000| Untracked 
| 158|0x000000008bc00000, 0x000000008bc00000, 0x000000008bd00000|  0%| F|  |TAMS 0x000000008bc00000| PB 0x000000008bc00000| Untracked 
| 159|0x000000008bd00000, 0x000000008bd00000, 0x000000008be00000|  0%| F|  |TAMS 0x000000008bd00000| PB 0x000000008bd00000| Untracked 
| 160|0x000000008be00000, 0x000000008be00000, 0x000000008bf00000|  0%| F|  |TAMS 0x000000008be00000| PB 0x000000008be00000| Untracked 
| 161|0x000000008bf00000, 0x000000008bf00000, 0x000000008c000000|  0%| F|  |TAMS 0x000000008bf00000| PB 0x000000008bf00000| Untracked 
| 162|0x000000008c000000, 0x000000008c000000, 0x000000008c100000|  0%| F|  |TAMS 0x000000008c000000| PB 0x000000008c000000| Untracked 
| 163|0x000000008c100000, 0x000000008c100000, 0x000000008c200000|  0%| F|  |TAMS 0x000000008c100000| PB 0x000000008c100000| Untracked 
| 164|0x000000008c200000, 0x000000008c200000, 0x000000008c300000|  0%| F|  |TAMS 0x000000008c200000| PB 0x000000008c200000| Untracked 
| 165|0x000000008c300000, 0x000000008c300000, 0x000000008c400000|  0%| F|  |TAMS 0x000000008c300000| PB 0x000000008c300000| Untracked 
| 166|0x000000008c400000, 0x000000008c400000, 0x000000008c500000|  0%| F|  |TAMS 0x000000008c400000| PB 0x000000008c400000| Untracked 
| 167|0x000000008c500000, 0x000000008c500000, 0x000000008c600000|  0%| F|  |TAMS 0x000000008c500000| PB 0x000000008c500000| Untracked 
| 168|0x000000008c600000, 0x000000008c600000, 0x000000008c700000|  0%| F|  |TAMS 0x000000008c600000| PB 0x000000008c600000| Untracked 
| 169|0x000000008c700000, 0x000000008c700000, 0x000000008c800000|  0%| F|  |TAMS 0x000000008c700000| PB 0x000000008c700000| Untracked 
| 170|0x000000008c800000, 0x000000008c800000, 0x000000008c900000|  0%| F|  |TAMS 0x000000008c800000| PB 0x000000008c800000| Untracked 
| 171|0x000000008c900000, 0x000000008c900000, 0x000000008ca00000|  0%| F|  |TAMS 0x000000008c900000| PB 0x000000008c900000| Untracked 
| 172|0x000000008ca00000, 0x000000008ca00000, 0x000000008cb00000|  0%| F|  |TAMS 0x000000008ca00000| PB 0x000000008ca00000| Untracked 
| 173|0x000000008cb00000, 0x000000008cb00000, 0x000000008cc00000|  0%| F|  |TAMS 0x000000008cb00000| PB 0x000000008cb00000| Untracked 
| 174|0x000000008cc00000, 0x000000008cc00000, 0x000000008cd00000|  0%| F|  |TAMS 0x000000008cc00000| PB 0x000000008cc00000| Untracked 
| 175|0x000000008cd00000, 0x000000008ce00000, 0x000000008ce00000|100%| E|  |TAMS 0x000000008cd00000| PB 0x000000008cd00000| Complete 
| 176|0x000000008ce00000, 0x000000008cf00000, 0x000000008cf00000|100%| E|CS|TAMS 0x000000008ce00000| PB 0x000000008ce00000| Complete 
| 177|0x000000008cf00000, 0x000000008d000000, 0x000000008d000000|100%| E|CS|TAMS 0x000000008cf00000| PB 0x000000008cf00000| Complete 

Card table byte_map: [0x000001be589e0000,0x000001be58de0000] _byte_map_base: 0x000001be585d1000

Marking Bits: (CMBitMap*) 0x000001be4add2bd0
 Bits: [0x000001be58de0000, 0x000001be5ad68000)

Polling page: 0x000001be4b040000

Metaspace:

Usage:
  Non-class:     69.11 MB used.
      Class:     10.85 MB used.
       Both:     79.96 MB used.

Virtual space:
  Non-class space:      128.00 MB reserved,      69.81 MB ( 55%) committed,  2 nodes.
      Class space:        1.00 GB reserved,      11.56 MB (  1%) committed,  1 nodes.
             Both:        1.12 GB reserved,      81.38 MB (  7%) committed. 

Chunk freelists:
   Non-Class:  10.13 MB
       Class:  4.75 MB
        Both:  14.88 MB

MaxMetaspaceSize: unlimited
CompressedClassSpaceSize: 1.00 GB
Initial GC threshold: 21.00 MB
Current GC threshold: 135.56 MB
CDS: on
 - commit_granule_bytes: 65536.
 - commit_granule_words: 8192.
 - virtual_space_node_default_size: 8388608.
 - enlarge_chunks_in_place: 1.
 - use_allocation_guard: 0.


Internal statistics:

num_allocs_failed_limit: 9.
num_arena_births: 3082.
num_arena_deaths: 1888.
num_vsnodes_births: 3.
num_vsnodes_deaths: 0.
num_space_committed: 1302.
num_space_uncommitted: 0.
num_chunks_returned_to_freelist: 2304.
num_chunks_taken_from_freelist: 6499.
num_chunk_merges: 790.
num_chunk_splits: 4061.
num_chunks_enlarged: 2716.
num_inconsistent_stats: 0.

CodeCache: size=49152Kb used=18093Kb max_used=19700Kb free=31058Kb
 bounds [0x000001be54d60000, 0x000001be56140000, 0x000001be57d60000]
 total_blobs=9044 nmethods=8220 adapters=747
 compilation: enabled
              stopped_count=0, restarted_count=0
 full_count=0

Compilation events (20 events):
Event: 322.784 Thread 0x000001be5d7c6a70 11087       1       java.nio.charset.CharsetDecoder::onUnmappableCharacter (26 bytes)
Event: 322.785 Thread 0x000001be5d7c6a70 nmethod 11087 0x000001be55548190 code [0x000001be55548340, 0x000001be55548520]
Event: 322.785 Thread 0x000001be5d7c6a70 11088       1       java.nio.charset.CharsetDecoder::implOnUnmappableCharacter (1 bytes)
Event: 322.785 Thread 0x000001be5d7c6a70 nmethod 11088 0x000001be5556d090 code [0x000001be5556d220, 0x000001be5556d2e8]
Event: 322.785 Thread 0x000001be5d7c6a70 11089       1       java.nio.charset.CharsetDecoder::onMalformedInput (26 bytes)
Event: 322.785 Thread 0x000001be5d7c6a70 nmethod 11089 0x000001be55654310 code [0x000001be556544c0, 0x000001be556546a0]
Event: 322.785 Thread 0x000001be5d7c6a70 11090       1       java.nio.charset.CharsetDecoder::implOnMalformedInput (1 bytes)
Event: 322.785 Thread 0x000001be5d7c6a70 nmethod 11090 0x000001be5557d010 code [0x000001be5557d1a0, 0x000001be5557d268]
Event: 322.785 Thread 0x000001be5d7c6a70 11091       1       org.springframework.web.servlet.mvc.condition.AbstractMediaTypeExpression::getMediaType (5 bytes)
Event: 322.785 Thread 0x000001be5d7c6a70 nmethod 11091 0x000001be55580d90 code [0x000001be55580f20, 0x000001be55580fe8]
Event: 322.785 Thread 0x000001be5d7c6a70 11092       1       org.apache.catalina.connector.Request::getDispatcherType (14 bytes)
Event: 322.785 Thread 0x000001be5d7c6a70 nmethod 11092 0x000001be54f79d90 code [0x000001be54f79f20, 0x000001be54f7a038]
Event: 322.786 Thread 0x000001be5d7c6a70 11093       1       org.springframework.http.server.PathContainer::subPath (19 bytes)
Event: 322.786 Thread 0x000001be5d7c6a70 nmethod 11093 0x000001be5501d490 code [0x000001be5501d660, 0x000001be5501d7c8]
Event: 339.334 Thread 0x000001be5d7c6a70 11094       1       org.apache.catalina.core.ContainerBase::getBackgroundProcessorDelay (5 bytes)
Event: 339.334 Thread 0x000001be5d7c6a70 nmethod 11094 0x000001be5558c890 code [0x000001be5558ca20, 0x000001be5558cae8]
Event: 349.344 Thread 0x000001be5d7c6a70 11095       1       org.apache.catalina.core.StandardPipeline::getFirst (17 bytes)
Event: 349.345 Thread 0x000001be5d7c6a70 nmethod 11095 0x000001be5558d190 code [0x000001be5558d320, 0x000001be5558d420]
Event: 350.057 Thread 0x000001be5d7c6a70 11096       1       java.nio.channels.spi.AbstractSelector::begin (48 bytes)
Event: 350.059 Thread 0x000001be5d7c6a70 nmethod 11096 0x000001be556be090 code [0x000001be556be260, 0x000001be556be668]

GC Heap History (20 events):
Event: 84.155 GC heap before
{Heap before GC invocations=37 (full 1):
 garbage-first heap   total 151552K, used 86538K [0x0000000081e00000, 0x0000000100000000)
  region size 1024K, 27 young (27648K), 10 survivors (10240K)
 Metaspace       used 81878K, committed 83264K, reserved 1179648K
  class space    used 11225K, committed 11840K, reserved 1048576K
}
Event: 84.161 GC heap after
{Heap after GC invocations=38 (full 1):
 garbage-first heap   total 151552K, used 77273K [0x0000000081e00000, 0x0000000100000000)
  region size 1024K, 6 young (6144K), 6 survivors (6144K)
 Metaspace       used 81878K, committed 83264K, reserved 1179648K
  class space    used 11225K, committed 11840K, reserved 1048576K
}
Event: 84.368 GC heap before
{Heap before GC invocations=39 (full 1):
 garbage-first heap   total 186368K, used 122329K [0x0000000081e00000, 0x0000000100000000)
  region size 1024K, 51 young (52224K), 6 survivors (6144K)
 Metaspace       used 80717K, committed 83264K, reserved 1179648K
  class space    used 10939K, committed 11840K, reserved 1048576K
}
Event: 84.375 GC heap after
{Heap after GC invocations=40 (full 1):
 garbage-first heap   total 186368K, used 83939K [0x0000000081e00000, 0x0000000100000000)
  region size 1024K, 7 young (7168K), 7 survivors (7168K)
 Metaspace       used 80717K, committed 83264K, reserved 1179648K
  class space    used 10939K, committed 11840K, reserved 1048576K
}
Event: 179.054 GC heap before
{Heap before GC invocations=40 (full 1):
 garbage-first heap   total 186368K, used 148451K [0x0000000081e00000, 0x0000000100000000)
  region size 1024K, 70 young (71680K), 7 survivors (7168K)
 Metaspace       used 81790K, committed 83264K, reserved 1179648K
  class space    used 11144K, committed 11840K, reserved 1048576K
}
Event: 179.064 GC heap after
{Heap after GC invocations=41 (full 1):
 garbage-first heap   total 272384K, used 90594K [0x0000000081e00000, 0x0000000100000000)
  region size 1024K, 8 young (8192K), 8 survivors (8192K)
 Metaspace       used 81790K, committed 83264K, reserved 1179648K
  class space    used 11144K, committed 11840K, reserved 1048576K
}
Event: 285.770 GC heap before
{Heap before GC invocations=41 (full 1):
 garbage-first heap   total 272384K, used 117218K [0x0000000081e00000, 0x0000000100000000)
  region size 1024K, 35 young (35840K), 8 survivors (8192K)
 Metaspace       used 81799K, committed 83264K, reserved 1179648K
  class space    used 11144K, committed 11840K, reserved 1048576K
}
Event: 285.820 GC heap after
{Heap after GC invocations=42 (full 2):
 garbage-first heap   total 126976K, used 34749K [0x0000000081e00000, 0x0000000100000000)
  region size 1024K, 0 young (0K), 0 survivors (0K)
 Metaspace       used 81073K, committed 83264K, reserved 1179648K
  class space    used 10969K, committed 11840K, reserved 1048576K
}
Event: 289.289 GC heap before
{Heap before GC invocations=42 (full 2):
 garbage-first heap   total 126976K, used 93117K [0x0000000081e00000, 0x0000000100000000)
  region size 1024K, 58 young (59392K), 0 survivors (0K)
 Metaspace       used 81314K, committed 83264K, reserved 1179648K
  class space    used 11022K, committed 11840K, reserved 1048576K
}
Event: 289.294 GC heap after
{Heap after GC invocations=43 (full 2):
 garbage-first heap   total 126976K, used 40893K [0x0000000081e00000, 0x0000000100000000)
  region size 1024K, 6 young (6144K), 6 survivors (6144K)
 Metaspace       used 81314K, committed 83264K, reserved 1179648K
  class space    used 11022K, committed 11840K, reserved 1048576K
}
Event: 289.626 GC heap before
{Heap before GC invocations=44 (full 2):
 garbage-first heap   total 126976K, used 98237K [0x0000000081e00000, 0x0000000100000000)
  region size 1024K, 62 young (63488K), 6 survivors (6144K)
 Metaspace       used 81626K, committed 83264K, reserved 1179648K
  class space    used 11065K, committed 11840K, reserved 1048576K
}
Event: 289.631 GC heap after
{Heap after GC invocations=45 (full 2):
 garbage-first heap   total 126976K, used 43747K [0x0000000081e00000, 0x0000000100000000)
  region size 1024K, 4 young (4096K), 4 survivors (4096K)
 Metaspace       used 81626K, committed 83264K, reserved 1179648K
  class space    used 11065K, committed 11840K, reserved 1048576K
}
Event: 289.745 GC heap before
{Heap before GC invocations=45 (full 2):
 garbage-first heap   total 126976K, used 102115K [0x0000000081e00000, 0x0000000100000000)
  region size 1024K, 60 young (61440K), 4 survivors (4096K)
 Metaspace       used 81638K, committed 83264K, reserved 1179648K
  class space    used 11068K, committed 11840K, reserved 1048576K
}
Event: 289.751 GC heap after
{Heap after GC invocations=46 (full 2):
 garbage-first heap   total 126976K, used 55003K [0x0000000081e00000, 0x0000000100000000)
  region size 1024K, 8 young (8192K), 8 survivors (8192K)
 Metaspace       used 81638K, committed 83264K, reserved 1179648K
  class space    used 11068K, committed 11840K, reserved 1048576K
}
Event: 289.827 GC heap before
{Heap before GC invocations=46 (full 2):
 garbage-first heap   total 126976K, used 92891K [0x0000000081e00000, 0x0000000100000000)
  region size 1024K, 46 young (47104K), 8 survivors (8192K)
 Metaspace       used 81646K, committed 83264K, reserved 1179648K
  class space    used 11070K, committed 11840K, reserved 1048576K
}
Event: 289.835 GC heap after
{Heap after GC invocations=47 (full 2):
 garbage-first heap   total 126976K, used 64271K [0x0000000081e00000, 0x0000000100000000)
  region size 1024K, 7 young (7168K), 7 survivors (7168K)
 Metaspace       used 81646K, committed 83264K, reserved 1179648K
  class space    used 11070K, committed 11840K, reserved 1048576K
}
Event: 289.894 GC heap before
{Heap before GC invocations=47 (full 2):
 garbage-first heap   total 126976K, used 105231K [0x0000000081e00000, 0x0000000100000000)
  region size 1024K, 46 young (47104K), 7 survivors (7168K)
 Metaspace       used 81646K, committed 83264K, reserved 1179648K
  class space    used 11070K, committed 11840K, reserved 1048576K
}
Event: 289.902 GC heap after
{Heap after GC invocations=48 (full 2):
 garbage-first heap   total 182272K, used 75535K [0x0000000081e00000, 0x0000000100000000)
  region size 1024K, 6 young (6144K), 6 survivors (6144K)
 Metaspace       used 81646K, committed 83264K, reserved 1179648K
  class space    used 11070K, committed 11840K, reserved 1048576K
}
Event: 366.674 GC heap before
{Heap before GC invocations=49 (full 2):
 garbage-first heap   total 182272K, used 139023K [0x0000000081e00000, 0x0000000100000000)
  region size 1024K, 68 young (69632K), 6 survivors (6144K)
 Metaspace       used 81867K, committed 83328K, reserved 1179648K
  class space    used 11106K, committed 11840K, reserved 1048576K
}
Event: 366.687 GC heap after
{Heap after GC invocations=50 (full 2):
 garbage-first heap   total 182272K, used 81994K [0x0000000081e00000, 0x0000000100000000)
  region size 1024K, 6 young (6144K), 6 survivors (6144K)
 Metaspace       used 81867K, committed 83328K, reserved 1179648K
  class space    used 11106K, committed 11840K, reserved 1048576K
}

Dll operation events (12 events):
Event: 0.040 Loaded shared library C:\pleiades\2023-09\java\21\bin\java.dll
Event: 0.291 Loaded shared library C:\pleiades\2023-09\java\21\bin\zip.dll
Event: 0.298 Loaded shared library C:\pleiades\2023-09\java\21\bin\instrument.dll
Event: 0.303 Loaded shared library C:\pleiades\2023-09\java\21\bin\net.dll
Event: 0.304 Loaded shared library C:\pleiades\2023-09\java\21\bin\nio.dll
Event: 0.307 Loaded shared library C:\pleiades\2023-09\java\21\bin\zip.dll
Event: 0.498 Loaded shared library C:\pleiades\2023-09\java\21\bin\jimage.dll
Event: 0.564 Loaded shared library C:\pleiades\2023-09\java\21\bin\management.dll
Event: 0.577 Loaded shared library C:\pleiades\2023-09\java\21\bin\management_ext.dll
Event: 0.790 Loaded shared library C:\pleiades\2023-09\java\21\bin\verify.dll
Event: 0.884 Loaded shared library C:\pleiades\2023-09\java\21\bin\extnet.dll
Event: 2.352 Loaded shared library C:\pleiades\2023-09\java\21\bin\sunmscapi.dll

Deoptimization events (20 events):
Event: 301.258 Thread 0x000001be62aeec60 DEOPT PACKING pc=0x000001be5532be6c sp=0x0000006fd01fe2d0
Event: 301.258 Thread 0x000001be62aeec60 DEOPT UNPACKING pc=0x000001be54db4e42 sp=0x0000006fd01fd838 mode 1
Event: 301.258 Thread 0x000001be62aeec60 DEOPT PACKING pc=0x000001be5532be6c sp=0x0000006fd01fe2d0
Event: 301.258 Thread 0x000001be62aeec60 DEOPT UNPACKING pc=0x000001be54db4e42 sp=0x0000006fd01fd838 mode 1
Event: 301.258 Thread 0x000001be62aeec60 DEOPT PACKING pc=0x000001be5532be6c sp=0x0000006fd01fe2d0
Event: 301.258 Thread 0x000001be62aeec60 DEOPT UNPACKING pc=0x000001be54db4e42 sp=0x0000006fd01fd838 mode 1
Event: 301.258 Thread 0x000001be62aeec60 DEOPT PACKING pc=0x000001be5532be6c sp=0x0000006fd01fe2d0
Event: 301.258 Thread 0x000001be62aeec60 DEOPT UNPACKING pc=0x000001be54db4e42 sp=0x0000006fd01fd838 mode 1
Event: 301.258 Thread 0x000001be62aeec60 DEOPT PACKING pc=0x000001be5532be6c sp=0x0000006fd01fe2d0
Event: 301.258 Thread 0x000001be62aeec60 DEOPT UNPACKING pc=0x000001be54db4e42 sp=0x0000006fd01fd838 mode 1
Event: 301.258 Thread 0x000001be62aeec60 DEOPT PACKING pc=0x000001be5532be6c sp=0x0000006fd01fe2d0
Event: 301.258 Thread 0x000001be62aeec60 DEOPT UNPACKING pc=0x000001be54db4e42 sp=0x0000006fd01fd838 mode 1
Event: 301.259 Thread 0x000001be62aeec60 DEOPT PACKING pc=0x000001be5532be6c sp=0x0000006fd01fe2d0
Event: 301.259 Thread 0x000001be62aeec60 DEOPT UNPACKING pc=0x000001be54db4e42 sp=0x0000006fd01fd838 mode 1
Event: 376.995 Thread 0x000001be63f87b00 DEOPT PACKING pc=0x000001be55df31c4 sp=0x0000006fd08fb6b0
Event: 376.995 Thread 0x000001be63f87b00 DEOPT UNPACKING pc=0x000001be54db4e42 sp=0x0000006fd08fab58 mode 0
Event: 377.004 Thread 0x000001be63f83ff0 DEOPT PACKING pc=0x000001be55df31c4 sp=0x0000006fd07faf10
Event: 377.004 Thread 0x000001be63f83ff0 DEOPT UNPACKING pc=0x000001be54db4e42 sp=0x0000006fd07fa3b8 mode 0
Event: 377.005 Thread 0x000001be63f84680 DEOPT PACKING pc=0x000001be55df31c4 sp=0x0000006fd0bfb140
Event: 377.005 Thread 0x000001be63f84680 DEOPT UNPACKING pc=0x000001be54db4e42 sp=0x0000006fd0bfa5e8 mode 0

Classes loaded (20 events):
Event: 87.647 Loading class java/util/Collections$UnmodifiableListBeanInfo
Event: 87.647 Loading class java/util/Collections$UnmodifiableListBeanInfo done
Event: 87.647 Loading class java/util/Collections$UnmodifiableListCustomizer
Event: 87.647 Loading class java/util/Collections$UnmodifiableListCustomizer done
Event: 87.647 Loading class java/util/Collections$UnmodifiableListCustomizer
Event: 87.647 Loading class java/util/Collections$UnmodifiableListCustomizer done
Event: 87.648 Loading class java/util/Collections$UnmodifiableRandomAccessListCustomizer
Event: 87.648 Loading class java/util/Collections$UnmodifiableRandomAccessListCustomizer done
Event: 87.649 Loading class java/util/Collections$UnmodifiableRandomAccessListCustomizer
Event: 87.649 Loading class java/util/Collections$UnmodifiableRandomAccessListCustomizer done
Event: 285.880 Loading class java/lang/ObjectBeanInfo
Event: 285.880 Loading class java/lang/ObjectBeanInfo done
Event: 285.880 Loading class java/lang/ObjectBeanInfo
Event: 285.880 Loading class java/lang/ObjectBeanInfo done
Event: 285.881 Loading class java/lang/ObjectCustomizer
Event: 285.881 Loading class java/lang/ObjectCustomizer done
Event: 285.881 Loading class java/lang/ObjectCustomizer
Event: 285.881 Loading class java/lang/ObjectCustomizer done
Event: 289.554 Loading class java/time/DurationEditor
Event: 289.554 Loading class java/time/DurationEditor done

Classes unloaded (20 events):
Event: 285.784 Thread 0x000001be5d78ef90 Unloading class 0x000001be0194cc00 'java/lang/invoke/LambdaForm$MH+0x000001be0194cc00'
Event: 285.784 Thread 0x000001be5d78ef90 Unloading class 0x000001be0194c800 'java/lang/invoke/LambdaForm$MH+0x000001be0194c800'
Event: 285.784 Thread 0x000001be5d78ef90 Unloading class 0x000001be0194c400 'java/lang/invoke/LambdaForm$MH+0x000001be0194c400'
Event: 285.784 Thread 0x000001be5d78ef90 Unloading class 0x000001be0194c000 'java/lang/invoke/LambdaForm$MH+0x000001be0194c000'
Event: 285.784 Thread 0x000001be5d78ef90 Unloading class 0x000001be01939800 'java/lang/invoke/LambdaForm$MH+0x000001be01939800'
Event: 285.784 Thread 0x000001be5d78ef90 Unloading class 0x000001be01938800 'java/lang/invoke/LambdaForm$MH+0x000001be01938800'
Event: 285.784 Thread 0x000001be5d78ef90 Unloading class 0x000001be01935c00 'java/lang/invoke/LambdaForm$MH+0x000001be01935c00'
Event: 285.784 Thread 0x000001be5d78ef90 Unloading class 0x000001be01548c00 'java/lang/invoke/LambdaForm$MH+0x000001be01548c00'
Event: 285.784 Thread 0x000001be5d78ef90 Unloading class 0x000001be01538c00 'java/lang/invoke/LambdaForm$DMH+0x000001be01538c00'
Event: 285.784 Thread 0x000001be5d78ef90 Unloading class 0x000001be01538800 'java/lang/invoke/LambdaForm$MH+0x000001be01538800'
Event: 285.784 Thread 0x000001be5d78ef90 Unloading class 0x000001be014b2c00 'java/lang/invoke/LambdaForm$MH+0x000001be014b2c00'
Event: 285.784 Thread 0x000001be5d78ef90 Unloading class 0x000001be014a8800 'java/lang/invoke/LambdaForm$MH+0x000001be014a8800'
Event: 285.784 Thread 0x000001be5d78ef90 Unloading class 0x000001be01492000 'java/lang/invoke/LambdaForm$MH+0x000001be01492000'
Event: 285.784 Thread 0x000001be5d78ef90 Unloading class 0x000001be01460400 'java/lang/invoke/LambdaForm$DMH+0x000001be01460400'
Event: 285.784 Thread 0x000001be5d78ef90 Unloading class 0x000001be01460000 'java/lang/invoke/LambdaForm$DMH+0x000001be01460000'
Event: 285.784 Thread 0x000001be5d78ef90 Unloading class 0x000001be01182400 'java/lang/invoke/LambdaForm$MH+0x000001be01182400'
Event: 285.784 Thread 0x000001be5d78ef90 Unloading class 0x000001be01139000 'java/lang/invoke/LambdaForm$MH+0x000001be01139000'
Event: 285.784 Thread 0x000001be5d78ef90 Unloading class 0x000001be01138800 'java/lang/invoke/LambdaForm$MH+0x000001be01138800'
Event: 285.784 Thread 0x000001be5d78ef90 Unloading class 0x000001be01138000 'java/lang/invoke/LambdaForm$MH+0x000001be01138000'
Event: 289.328 Thread 0x000001be5d78ef90 Unloading class 0x000001be01180000 'jdk/internal/reflect/GeneratedSerializationConstructorAccessor25'

Classes redefined (4 events):
Event: 82.083 Thread 0x000001be5d78ef90 redefined class name=language.exam.controller.GuideController, count=1
Event: 377.032 Thread 0x000001be5d78ef90 redefined class name=language.exam.controller.GuideController, count=2
Event: 377.032 Thread 0x000001be5d78ef90 redefined class name=language.exam.controller.GuideController, count=1
Event: 377.032 Thread 0x000001be5d78ef90 redefined class name=language.exam.controller.GuideController, count=1

Internal exceptions (20 events):
Event: 285.880 Thread 0x000001be651f98d0 Exception <a 'java/lang/ClassNotFoundException'{0x0000000089547328}: org/springframework/beans/factory/groovy/GroovyBeanDefinitionReaderBeanInfo> (0x0000000089547328) 
thrown [s\src\hotspot\share\classfile\systemDictionary.cpp, line 312]
Event: 285.880 Thread 0x000001be651f98d0 Exception <a 'java/lang/ClassNotFoundException'{0x000000008954db08}: org/springframework/beans/factory/support/AbstractBeanDefinitionReaderBeanInfo> (0x000000008954db08) 
thrown [s\src\hotspot\share\classfile\systemDictionary.cpp, line 312]
Event: 285.880 Thread 0x000001be651f98d0 Exception <a 'java/lang/ClassNotFoundException'{0x000000008954f480}: java/lang/ObjectBeanInfo> (0x000000008954f480) 
thrown [s\src\hotspot\share\classfile\systemDictionary.cpp, line 312]
Event: 285.881 Thread 0x000001be651f98d0 Exception <a 'java/lang/ClassNotFoundException'{0x0000000089550df0}: java/lang/ObjectCustomizer> (0x0000000089550df0) 
thrown [s\src\hotspot\share\classfile\systemDictionary.cpp, line 312]
Event: 285.881 Thread 0x000001be651f98d0 Exception <a 'java/lang/ClassNotFoundException'{0x000000008955c740}: org/springframework/beans/factory/support/AbstractBeanDefinitionReaderCustomizer> (0x000000008955c740) 
thrown [s\src\hotspot\share\classfile\systemDictionary.cpp, line 312]
Event: 285.882 Thread 0x000001be651f98d0 Exception <a 'java/lang/ClassNotFoundException'{0x00000000895701c0}: org/springframework/beans/factory/groovy/GroovyBeanDefinitionReaderCustomizer> (0x00000000895701c0) 
thrown [s\src\hotspot\share\classfile\systemDictionary.cpp, line 312]
Event: 286.239 Thread 0x000001be651f98d0 Exception <a 'java/lang/NoSuchMethodError'{0x000000008733d518}: 'void java.lang.invoke.DelegatingMethodHandle$Holder.reinvoke_L(java.lang.Object, java.lang.Object, int)'> (0x000000008733d518) 
thrown [s\src\hotspot\share\interpreter\linkResolver.cpp, line 773]
Event: 286.267 Thread 0x000001be651f98d0 Exception <a 'java/lang/NoClassDefFoundError'{0x00000000871bf6a8}: org/flywaydb/core/Flyway> (0x00000000871bf6a8) 
thrown [s\src\hotspot\share\oops\constantPool.cpp, line 871]
Event: 289.142 Thread 0x000001be651f98d0 Exception <a 'java/lang/NoClassDefFoundError'{0x00000000871bfd08}: liquibase/integration/spring/SpringLiquibase> (0x00000000871bfd08) 
thrown [s\src\hotspot\share\oops\constantPool.cpp, line 871]
Event: 289.145 Thread 0x000001be651f98d0 Exception <a 'java/lang/NoClassDefFoundError'{0x00000000871f3cb8}: org/jooq/DSLContext> (0x00000000871f3cb8) 
thrown [s\src\hotspot\share\oops\constantPool.cpp, line 871]
Event: 289.149 Thread 0x000001be651f98d0 Exception <a 'java/lang/NoClassDefFoundError'{0x0000000087070f28}: org/springframework/batch/core/repository/JobRepository> (0x0000000087070f28) 
thrown [s\src\hotspot\share\oops\constantPool.cpp, line 871]
Event: 289.150 Thread 0x000001be651f98d0 Exception <a 'java/lang/NoClassDefFoundError'{0x0000000087071580}: org/quartz/Scheduler> (0x0000000087071580) 
thrown [s\src\hotspot\share\oops\constantPool.cpp, line 871]
Event: 289.151 Thread 0x000001be651f98d0 Exception <a 'java/lang/NoClassDefFoundError'{0x0000000087071c00}: org/springframework/session/jdbc/JdbcIndexedSessionRepository> (0x0000000087071c00) 
thrown [s\src\hotspot\share\oops\constantPool.cpp, line 871]
Event: 289.224 Thread 0x000001be651f98d0 Exception <a 'java/lang/NoSuchMethodError'{0x0000000086530978}: 'int java.lang.invoke.DirectMethodHandle$Holder.invokeVirtual(java.lang.Object, java.lang.Object, java.lang.Object, java.lang.Object)'> (0x0000000086530978) 
thrown [s\src\hotspot\share\interpreter\linkResolver.cpp, line 773]
Event: 289.224 Thread 0x000001be651f98d0 Exception <a 'java/lang/NoSuchMethodError'{0x0000000086533f40}: 'int java.lang.invoke.DelegatingMethodHandle$Holder.reinvoke_L(java.lang.Object, java.lang.Object, java.lang.Object, java.lang.Object)'> (0x0000000086533f40) 
thrown [s\src\hotspot\share\interpreter\linkResolver.cpp, line 773]
Event: 289.229 Thread 0x000001be651f98d0 Exception <a 'java/io/FileNotFoundException'{0x0000000086586278}> (0x0000000086586278) 
thrown [s\src\hotspot\share\prims\jni.cpp, line 520]
Event: 289.238 Thread 0x000001be651f98d0 Exception <a 'java/io/FileNotFoundException'{0x000000008645dcd0}> (0x000000008645dcd0) 
thrown [s\src\hotspot\share\prims\jni.cpp, line 520]
Event: 289.681 Thread 0x000001be651f98d0 Exception <a 'java/lang/NoSuchMethodError'{0x00000000893854f8}: method resolution failed> (0x00000000893854f8) 
thrown [s\src\hotspot\share\prims\methodHandles.cpp, line 1144]
Event: 289.683 Thread 0x000001be651f98d0 Exception <a 'java/lang/NoSuchMethodError'{0x00000000893903b8}: method resolution failed> (0x00000000893903b8) 
thrown [s\src\hotspot\share\prims\methodHandles.cpp, line 1144]
Event: 301.202 Thread 0x000001be62aeec60 Exception <a 'java/lang/NoSuchMethodError'{0x000000008a071c28}: static [B.<clinit>()V> (0x000000008a071c28) 
thrown [s\src\hotspot\share\prims\jni.cpp, line 1106]

ZGC Phase Switch (0 events):
No events

VM Operations (20 events):
Event: 360.841 Executing VM operation: RendezvousGCThreads
Event: 360.841 Executing VM operation: RendezvousGCThreads done
Event: 366.674 Executing VM operation: G1CollectForAllocation (G1 Evacuation Pause)
Event: 366.687 Executing VM operation: G1CollectForAllocation (G1 Evacuation Pause) done
Event: 376.994 Executing VM operation: ChangeSingleStep
Event: 376.994 Executing VM operation: ChangeSingleStep done
Event: 376.995 Executing VM operation: ChangeSingleStep
Event: 376.995 Executing VM operation: ChangeSingleStep done
Event: 377.004 Executing VM operation: ChangeSingleStep
Event: 377.004 Executing VM operation: ChangeSingleStep done
Event: 377.004 Executing VM operation: ChangeSingleStep
Event: 377.004 Executing VM operation: ChangeSingleStep done
Event: 377.005 Executing VM operation: ChangeSingleStep
Event: 377.005 Executing VM operation: ChangeSingleStep done
Event: 377.005 Executing VM operation: ChangeSingleStep
Event: 377.005 Executing VM operation: ChangeSingleStep done
Event: 377.024 Executing VM operation: RedefineClasses
Event: 377.049 Executing VM operation: RedefineClasses done
Event: 377.053 Executing VM operation: ChangeSingleStep
Event: 377.053 Executing VM operation: ChangeSingleStep done

Events (20 events):
Event: 289.968 Thread 0x000001be63f85a30 Thread exited: 0x000001be63f85a30
Event: 289.968 Thread 0x000001be63f86750 Thread exited: 0x000001be63f86750
Event: 290.232 Thread 0x000001be63f85a30 Thread added: 0x000001be63f85a30
Event: 290.247 Thread 0x000001be63f83ff0 Thread added: 0x000001be63f83ff0
Event: 290.247 Thread 0x000001be63f87b00 Thread added: 0x000001be63f87b00
Event: 290.247 Thread 0x000001be63f84680 Thread added: 0x000001be63f84680
Event: 290.247 Thread 0x000001be63f88190 Thread added: 0x000001be63f88190
Event: 290.247 Thread 0x000001be63f84d10 Thread added: 0x000001be63f84d10
Event: 290.248 Thread 0x000001be63f860c0 Thread added: 0x000001be63f860c0
Event: 290.248 Thread 0x000001be63f86750 Thread added: 0x000001be63f86750
Event: 290.248 Thread 0x000001be63f88820 Thread added: 0x000001be63f88820
Event: 290.248 Thread 0x000001be63f853a0 Thread added: 0x000001be63f853a0
Event: 290.248 Thread 0x000001be63f88eb0 Thread added: 0x000001be63f88eb0
Event: 290.250 Thread 0x000001be63f8b610 Thread added: 0x000001be63f8b610
Event: 290.250 Thread 0x000001be63f89540 Thread added: 0x000001be63f89540
Event: 290.259 Thread 0x000001be651f98d0 Thread exited: 0x000001be651f98d0
Event: 290.259 Thread 0x000001be651f9240 Thread exited: 0x000001be651f9240
Event: 291.951 Thread 0x000001be62946740 Thread exited: 0x000001be62946740
Event: 294.908 Thread 0x000001be651f9f60 Thread exited: 0x000001be651f9f60
Event: 298.480 Thread 0x000001be5d998fe0 Thread exited: 0x000001be5d998fe0


Dynamic libraries:
0x00007ff632120000 - 0x00007ff63212e000 	C:\pleiades\2023-09\java\21\bin\javaw.exe
0x00007fffb97a0000 - 0x00007fffb9a09000 	C:\WINDOWS\SYSTEM32\ntdll.dll
0x00007fffb7e90000 - 0x00007fffb7f59000 	C:\WINDOWS\System32\KERNEL32.DLL
0x00007fffb70e0000 - 0x00007fffb74d3000 	C:\WINDOWS\System32\KERNELBASE.dll
0x00007fffb6e60000 - 0x00007fffb6fab000 	C:\WINDOWS\System32\ucrtbase.dll
0x00007fffa67b0000 - 0x00007fffa67c8000 	C:\pleiades\2023-09\java\21\bin\jli.dll
0x00007fffa69e0000 - 0x00007fffa69fb000 	C:\pleiades\2023-09\java\21\bin\VCRUNTIME140.dll
0x00007fffb9590000 - 0x00007fffb9754000 	C:\WINDOWS\System32\USER32.dll
0x00007fff9fef0000 - 0x00007fffa0183000 	C:\WINDOWS\WinSxS\amd64_microsoft.windows.common-controls_6595b64144ccf1df_6.0.26100.5074_none_3e0d6f78e32fd63f\COMCTL32.dll
0x00007fffb6e30000 - 0x00007fffb6e57000 	C:\WINDOWS\System32\win32u.dll
0x00007fffb7600000 - 0x00007fffb76a9000 	C:\WINDOWS\System32\msvcrt.dll
0x00007fffb8bc0000 - 0x00007fffb8beb000 	C:\WINDOWS\System32\GDI32.dll
0x00007fffb6fb0000 - 0x00007fffb70dd000 	C:\WINDOWS\System32\gdi32full.dll
0x00007fffb6930000 - 0x00007fffb69d3000 	C:\WINDOWS\System32\msvcp_win.dll
0x00007fffb8140000 - 0x00007fffb816f000 	C:\WINDOWS\System32\IMM32.DLL
0x00007fffb39d0000 - 0x00007fffb39dc000 	C:\pleiades\2023-09\java\21\bin\vcruntime140_1.dll
0x00007fffa6380000 - 0x00007fffa640d000 	C:\pleiades\2023-09\java\21\bin\msvcp140.dll
0x00007fff79b00000 - 0x00007fff7a88c000 	C:\pleiades\2023-09\java\21\bin\server\jvm.dll
0x00007fffb7fd0000 - 0x00007fffb8084000 	C:\WINDOWS\System32\ADVAPI32.dll
0x00007fffb8090000 - 0x00007fffb8136000 	C:\WINDOWS\System32\sechost.dll
0x00007fffb79c0000 - 0x00007fffb7ad8000 	C:\WINDOWS\System32\RPCRT4.dll
0x00007fffb7570000 - 0x00007fffb75e4000 	C:\WINDOWS\System32\WS2_32.dll
0x00007fffb67b0000 - 0x00007fffb680e000 	C:\WINDOWS\SYSTEM32\POWRPROF.dll
0x00007fffaac10000 - 0x00007fffaac45000 	C:\WINDOWS\SYSTEM32\WINMM.dll
0x00007fffaeed0000 - 0x00007fffaeedb000 	C:\WINDOWS\SYSTEM32\VERSION.dll
0x00007fffb6790000 - 0x00007fffb67a4000 	C:\WINDOWS\SYSTEM32\UMPDC.dll
0x00007fffb5710000 - 0x00007fffb572b000 	C:\WINDOWS\SYSTEM32\kernel.appcore.dll
0x00007fffb1bd0000 - 0x00007fffb1bda000 	C:\pleiades\2023-09\java\21\bin\jimage.dll
0x00007fffa41a0000 - 0x00007fffa43e2000 	C:\WINDOWS\SYSTEM32\DBGHELP.DLL
0x00007fffb8840000 - 0x00007fffb8bbb000 	C:\WINDOWS\System32\combase.dll
0x00007fffb76d0000 - 0x00007fffb77a7000 	C:\WINDOWS\System32\OLEAUT32.dll
0x00007fffa36f0000 - 0x00007fffa372d000 	C:\WINDOWS\SYSTEM32\dbgcore.DLL
0x00007fffb6d90000 - 0x00007fffb6e29000 	C:\WINDOWS\System32\bcryptPrimitives.dll
0x00007fffa1b80000 - 0x00007fffa1bbc000 	C:\pleiades\2023-09\java\21\bin\jdwp.dll
0x00007fffaf670000 - 0x00007fffaf67e000 	C:\pleiades\2023-09\java\21\bin\instrument.dll
0x00007fffa1b60000 - 0x00007fffa1b7f000 	C:\pleiades\2023-09\java\21\bin\java.dll
0x00007fffb8dc0000 - 0x00007fffb950d000 	C:\WINDOWS\System32\SHELL32.dll
0x00007fffb6c20000 - 0x00007fffb6d8c000 	C:\WINDOWS\System32\wintypes.dll
0x00007fffb45d0000 - 0x00007fffb4e29000 	C:\WINDOWS\SYSTEM32\windows.storage.dll
0x00007fffb8c70000 - 0x00007fffb8d60000 	C:\WINDOWS\System32\SHCORE.dll
0x00007fffb7f60000 - 0x00007fffb7fc2000 	C:\WINDOWS\System32\shlwapi.dll
0x00007fffb6820000 - 0x00007fffb6849000 	C:\WINDOWS\SYSTEM32\profapi.dll
0x00007fffad5c0000 - 0x00007fffad5cc000 	C:\pleiades\2023-09\java\21\bin\dt_socket.dll
0x00007fffb5130000 - 0x00007fffb5164000 	C:\WINDOWS\SYSTEM32\IPHLPAPI.DLL
0x00007fffb5c90000 - 0x00007fffb5cfb000 	C:\WINDOWS\system32\mswsock.dll
0x00007fffb5170000 - 0x00007fffb5296000 	C:\WINDOWS\SYSTEM32\DNSAPI.dll
0x00007fffb77c0000 - 0x00007fffb77ca000 	C:\WINDOWS\System32\NSI.dll
0x00007fffaa430000 - 0x00007fffaa43b000 	C:\Windows\System32\rasadhlp.dll
0x00007fffaf350000 - 0x00007fffaf3d6000 	C:\WINDOWS\System32\fwpuclnt.dll
0x00007fffa1b40000 - 0x00007fffa1b58000 	C:\pleiades\2023-09\java\21\bin\zip.dll
0x00007fffaa3b0000 - 0x00007fffaa3c0000 	C:\pleiades\2023-09\java\21\bin\net.dll
0x00007fffb0700000 - 0x00007fffb081f000 	C:\WINDOWS\SYSTEM32\WINHTTP.dll
0x00007fffa1b20000 - 0x00007fffa1b36000 	C:\pleiades\2023-09\java\21\bin\nio.dll
0x00007fffaa1d0000 - 0x00007fffaa1d9000 	C:\pleiades\2023-09\java\21\bin\management.dll
0x00007fffa7030000 - 0x00007fffa703b000 	C:\pleiades\2023-09\java\21\bin\management_ext.dll
0x00007fffb7e80000 - 0x00007fffb7e88000 	C:\WINDOWS\System32\PSAPI.DLL
0x00007fffa22d0000 - 0x00007fffa22e8000 	C:\WINDOWS\system32\napinsp.dll
0x00007fffa2100000 - 0x00007fffa2112000 	C:\WINDOWS\System32\winrnr.dll
0x00007fffa20d0000 - 0x00007fffa20f8000 	C:\WINDOWS\system32\nlansp_c.dll
0x00007fffafab0000 - 0x00007fffafac6000 	C:\WINDOWS\system32\wshbth.dll
0x00007fffa6e30000 - 0x00007fffa6e40000 	C:\pleiades\2023-09\java\21\bin\verify.dll
0x00007fffb5f40000 - 0x00007fffb5f5b000 	C:\WINDOWS\SYSTEM32\CRYPTSP.dll
0x00007fffb5670000 - 0x00007fffb56ab000 	C:\WINDOWS\system32\rsaenh.dll
0x00007fffb5d30000 - 0x00007fffb5d5b000 	C:\WINDOWS\SYSTEM32\USERENV.dll
0x00007fffb6850000 - 0x00007fffb6876000 	C:\WINDOWS\SYSTEM32\bcrypt.dll
0x00007fffb5f30000 - 0x00007fffb5f3c000 	C:\WINDOWS\SYSTEM32\CRYPTBASE.dll
0x00007fffa69d0000 - 0x00007fffa69d7000 	C:\pleiades\2023-09\java\21\bin\extnet.dll
0x00007fffa1b00000 - 0x00007fffa1b0e000 	C:\pleiades\2023-09\java\21\bin\sunmscapi.dll
0x00007fffb69e0000 - 0x00007fffb6b57000 	C:\WINDOWS\System32\CRYPT32.dll
0x00007fffb6150000 - 0x00007fffb6180000 	C:\WINDOWS\SYSTEM32\ncrypt.dll
0x00007fffb6100000 - 0x00007fffb613f000 	C:\WINDOWS\SYSTEM32\NTASN1.dll
0x00007fff68b40000 - 0x00007fff68b48000 	C:\WINDOWS\system32\wshunix.dll

dbghelp: loaded successfully - version: 4.0.5 - missing functions: none
symbol engine: initialized successfully - sym options: 0x614 - pdb path: .;C:\pleiades\2023-09\java\21\bin;C:\WINDOWS\SYSTEM32;C:\WINDOWS\WinSxS\amd64_microsoft.windows.common-controls_6595b64144ccf1df_6.0.26100.5074_none_3e0d6f78e32fd63f;C:\pleiades\2023-09\java\21\bin\server

VM Arguments:
jvm_args: -XX:+ShowCodeDetailsInExceptionMessages -agentlib:jdwp=transport=dt_socket,suspend=y,address=localhost:51784 -Dcom.sun.management.jmxremote -Dcom.sun.management.jmxremote.port=51783 -Dcom.sun.management.jmxremote.authenticate=false -Dcom.sun.management.jmxremote.ssl=false -Djava.rmi.server.hostname=localhost -Dspring.jmx.enabled=true -Dmanagement.endpoints.jmx.exposure.include=* -Dspring.application.admin.enabled=true -XX:TieredStopAtLevel=1 -Dspring.boot.project.name=LanguageExam -javaagent:C:\pleiades\2023-09\eclipse\configuration\org.eclipse.osgi\301\0\.cp\lib\javaagent-shaded.jar -Dfile.encoding=UTF-8 -Dstdout.encoding=UTF-8 -Dstderr.encoding=UTF-8 
java_command: language.exam.LanguageExamApplication --spring.output.ansi.enabled=always
java_class_path (initial): C:\Users\user\git\LanguageExam\LanguageExam\target\classes;C:\Users\user\.m2\repository\org\springframework\boot\spring-boot-starter-data-jdbc\3.5.0\spring-boot-starter-data-jdbc-3.5.0.jar;C:\Users\user\.m2\repository\org\springframework\boot\spring-boot-starter-jdbc\3.5.0\spring-boot-starter-jdbc-3.5.0.jar;C:\Users\user\.m2\repository\com\zaxxer\HikariCP\6.3.0\HikariCP-6.3.0.jar;C:\Users\user\.m2\repository\org\springframework\spring-jdbc\6.2.7\spring-jdbc-6.2.7.jar;C:\Users\user\.m2\repository\org\springframework\data\spring-data-jdbc\3.5.0\spring-data-jdbc-3.5.0.jar;C:\Users\user\.m2\repository\org\springframework\data\spring-data-relational\3.5.0\spring-data-relational-3.5.0.jar;C:\Users\user\.m2\repository\org\springframework\data\spring-data-commons\3.5.0\spring-data-commons-3.5.0.jar;C:\Users\user\.m2\repository\org\springframework\spring-tx\6.2.7\spring-tx-6.2.7.jar;C:\Users\user\.m2\repository\org\springframework\spring-context\6.2.7\spring-context-6.2.7.jar;C:\Users\user\.m2\repository\org\springframework\spring-beans\6.2.7\spring-beans-6.2.7.jar;C:\Users\user\.m2\repository\org\springframework\boot\spring-boot-starter-thymeleaf\3.5.0\spring-boot-starter-thymeleaf-3.5.0.jar;C:\Users\user\.m2\repository\org\springframework\boot\spring-boot-starter\3.5.0\spring-boot-starter-3.5.0.jar;C:\Users\user\.m2\repository\org\springframework\boot\spring-boot-starter-logging\3.5.0\spring-boot-starter-logging-3.5.0.jar;C:\Users\user\.m2\repository\ch\qos\logback\logback-classic\1.5.18\logback-classic-1.5.18.jar;C:\Users\user\.m2\repository\ch\qos\logback\logback-core\1.5.18\logback-core-1.5.18.jar;C:\Users\user\.m2\repository\org\apache\logging\log4j\log4j-to-slf4j\2.24.3\log4j-to-slf4j-2.24.3.jar;C:\Users\user\.m2\repository\org\apache\logging\log4j\log4j-api\2.24.3\log4j-api-2.24.3.jar;C:\Users\user\.m2\repository\org\slf4j\jul-to-slf4j\2.0.17\jul-to-slf4j-2.0.17.jar;C:\Users\user\.m2\repository\jakarta\annotation\jakarta.annotation-api\2.1.1\jakarta.annotation-api-2.1.1.jar;C:\Users\user\.m2\repository\org\yaml\snakeyaml\2.4\snakeyaml-2.4.jar;C:\Users\user\.m2\repository\org\thymeleaf\thymeleaf-spring6\3.1.3.RELEASE\thymeleaf-spring6-3.1.3.RELEASE.jar;C:\Users\user\.m2\repository\org\springframework\boot\spring-boot-starter-validation\3.5.0\spring-boot-starter-validation-3.5.0.jar;C:\Users\user\.m2\repository\org\apache\tomcat\embed\tomcat-embed-el\10.1.41\tomcat-embed-el-10.1.41.jar;C:\Users\user\.m2\repository\org\hibernate\validator\hibernate-validator\8.0.2.Final\hibernate-validator-8.0.2.Final.jar;C:\Users\user\.m2\repository\jakarta\validation\jakarta.validation-api\3.0.2\jakarta.validation-api-3.0.2.jar;C:\Users\user\.m2\repository\org\jboss\logging\jboss-logging\3.6.1.Final\jboss-logging-3.6.1.Final.jar;C:\Users\user\.m2\repository\com\fasterxml\classmate\1.7.0\classmate-1.7.0.jar;C:\Users\user\.m2\repository\org\springframework\boot\spring-boot-starter-web\3.5.0\spring-boot-starter-web-3.5.0.jar;C:\Users\user\.m2\repository\org\springframework\boot\spring-boot-starter-json\3.5.0\spring-boot-starter-json-3.5.0.jar;C:\Users\user\.m2\repository\com\fasterxml\jackson\datatype\jackson-datatype-jdk8\2.19.0\jackson-datatype-jdk8-2.19.0.jar;C:\Users\user\.m2\repository\com\fasterxml\jackson\datatype\jackson-datatype-jsr310\2.19.0\jackson-datatype-jsr310-2.19.0.jar;C:\Users\user\.m2\repository\com\fasterxml\jackson\module\jackson-module-parameter-names\2.19.0\jackson-module-parameter-names-2.19.0.jar;C:\Users\user\.m2\repository\org\springframework\boot\spring-boot-starter-tomcat\3.5.0\spring-boot-starter-tomcat-3.5.0.jar;C:\Users\user\.m2\repository\org\apache\tomcat\embed\tomcat-embed-core\10.1.41\tomcat-embed-core-10.1.41.jar;C:\Users\user\.m2\repository\org\apache\tomcat\embed\tomcat-embed-websocket\10.1.41\tomcat-embed-websocket-10.1.41.jar;C:\Users\user\.m2\repository\org\springframework\spring-web\6.2.7\spring-web-6.2.7.jar;C:\Users\user\.m2\repository\io\micrometer\micrometer-observation\1.15.0\micrometer-observation-1.15.0.jar;C:\Users\user\.m2\repository\io\micrometer\micrometer-commons\1.15.0\micrometer-commons-1.15.0.jar;C:\Users\user\.m2\repository\org\springframework\spring-webmvc\6.2.7\spring-webmvc-6.2.7.jar;C:\Users\user\.m2\repository\org\springframework\spring-expression\6.2.7\spring-expression-6.2.7.jar;C:\Users\user\.m2\repository\org\springframework\boot\spring-boot-devtools\3.5.0\spring-boot-devtools-3.5.0.jar;C:\Users\user\.m2\repository\org\springframework\boot\spring-boot\3.5.0\spring-boot-3.5.0.jar;C:\Users\user\.m2\repository\org\springframework\boot\spring-boot-autoconfigure\3.5.0\spring-boot-autoconfigure-3.5.0.jar;C:\Users\user\.m2\repository\org\projectlombok\lombok\1.18.38\lombok-1.18.38.jar;C:\Users\user\.m2\repository\jakarta\xml\bind\jakarta.xml.bind-api\4.0.2\jakarta.xml.bind-api-4.0.2.jar;C:\Users\user\.m2\repository\jakarta\activation\jakarta.activation-api\2.1.3\jakarta.activation-api-2.1.3.jar;C:\Users\user\.m2\repository\net\bytebuddy\byte-buddy\1.17.5\byte-buddy-1.17.5.jar;C:\Users\user\.m2\repository\org\springframework\spring-core\6.2.7\spring-core-6.2.7.jar;C:\Users\user\.m2\repository\org\springframework\spring-jcl\6.2.7\spring-jcl-6.2.7.jar;C:\Users\user\.m2\repository\org\webjars\bootstrap\5.3.1\bootstrap-5.3.1.jar;C:\Users\user\.m2\repository\org\webjars\webjars-locator\0.47\webjars-locator-0.47.jar;C:\Users\user\.m2\repository\org\webjars\webjars-locator-core\0.59\webjars-locator-core-0.59.jar;C:\Users\user\.m2\repository\io\github\classgraph\classgraph\4.8.173\classgraph-4.8.173.jar;C:\Users\user\.m2\repository\com\fasterxml\jackson\core\jackson-core\2.19.0\jackson-core-2.19.0.jar;C:\Users\user\.m2\repository\com\fasterxml\jackson\core\jackson-databind\2.19.0\jackson-databind-2.19.0.jar;C:\Users\user\.m2\repository\com\fasterxml\jackson\core\jackson-annotations\2.19.0\jackson-annotations-2.19.0.jar;C:\Users\user\.m2\repository\org\apache\commons\commons-text\1.10.0\commons-text-1.10.0.jar;C:\Users\user\.m2\repository\org\apache\commons\commons-lang3\3.17.0\commons-lang3-3.17.0.jar;C:\Users\user\.m2\repository\com\github\spullara\mustache\java\compiler\0.9.10\compiler-0.9.10.jar;C:\Users\user\.m2\repository\nz\net\ultraq\thymeleaf\thymeleaf-layout-dialect\3.4.0\thymeleaf-layout-dialect-3.4.0.jar;C:\Users\user\.m2\repository\org\apache\groovy\groovy\4.0.26\groovy-4.0.26.jar;C:\Users\user\.m2\repository\nz\net\ultraq\groovy\groovy-extensions\2.3.3\groovy-extensions-2.3.3.jar;C:\Users\user\.m2\repository\nz\net\ultraq\thymeleaf\thymeleaf-expression-processor\3.2.0\thymeleaf-expression-processor-3.2.0.jar;C:\Users\user\.m2\repository\org\thymeleaf\thymeleaf\3.1.3.RELEASE\thymeleaf-3.1.3.RELEASE.jar;C:\Users\user\.m2\repository\ognl\ognl\3.3.4\ognl-3.3.4.jar;C:\Users\user\.m2\repository\org\javassist\javassist\3.29.0-GA\javassist-3.29.0-GA.jar;C:\Users\user\.m2\repository\org\attoparser\attoparser\2.0.7.RELEASE\attoparser-2.0.7.RELEASE.jar;C:\Users\user\.m2\repository\org\unbescape\unbescape\1.1.6.RELEASE\unbescape-1.1.6.RELEASE.jar;C:\Users\user\.m2\repository\org\slf4j\slf4j-api\2.0.17\slf4j-api-2.0.17.jar;C:\Users\user\.m2\repository\com\mysql\mysql-connector-j\9.2.0\mysql-connector-j-9.2.0.jar;C:\Users\user\.m2\repository\org\mybatis\spring\boot\mybatis-spring-boot-starter\3.0.3\mybatis-spring-boot-starter-3.0.3.jar;C:\Users\user\.m2\repository\org\mybatis\spring\boot\mybatis-spring-boot-autoconfigure\3.0.3\mybatis-spring-boot-autoconfigure-3.0.3.jar;C:\Users\user\.m2\repository\org\mybatis\mybatis\3.5.14\mybatis-3.5.14.jar;C:\Users\user\.m2\repository\org\mybatis\mybatis-spring\3.0.3\mybatis-spring-3.0.3.jar;C:\Users\user\.m2\repository\org\springframework\boot\spring-boot-starter-security\3.5.0\spring-boot-starter-security-3.5.0.jar;C:\Users\user\.m2\repository\org\springframework\spring-aop\6.2.7\spring-aop-6.2.7.jar;C:\Users\user\.m2\repository\org\springframework\security\spring-security-config\6.5.0\spring-security-config-6.5.0.jar;C:\Users\user\.m2\repository\org\springframework\security\spring-security-core\6.5.0\spring-security-core-6.5.0.jar;C:\Users\user\.m2\repository\org\springframework\security\spring-security-crypto\6.5.0\spring-security-crypto-6.5.0.jar;C:\Users\user\.m2\repository\org\springframework\security\spring-security-web\6.5.0\spring-security-web-6.5.0.jar;C:\Users\user\.m2\repository\org\thymeleaf\extras\thymeleaf-extras-springsecurity6\3.1.3.RELEASE\thymeleaf-extras-springsecurity6-3.1.3.RELEASE.jar;C:\Users\user\.m2\repository\org\modelmapper\extensions\modelmapper-spring\3.2.0\modelmapper-spring-3.2.0.jar;C:\Users\user\.m2\repository\org\modelmapper\modelmapper\3.2.0\modelmapper-3.2.0.jar;C:\Users\user\.m2\repository\org\webjars\popper.js\2.9.3\popper.js-2.9.3.jar;C:\Users\user\Downloads\SpringBootSample\target\classes;C:\Users\user\.m2\repository\com\h2database\h2\2.3.232\h2-2.3.232.jar;C:\Users\user\.m2\repository\org\webjars\jquery\3.5.1\jquery-3.5.1.jar;C:\Users\user\.m2\repository\org\aspectj\aspectjweaver\1.9.24\aspectjweaver-1.9.24.jar;C:\Users\user\.m2\repository\org\webjars\datatables\1.13.5\datatables-1.13.5.jar;C:\Users\user\.m2\repository\org\webjars\datatables-plugins\1.13.5\datatables-plugins-1.13.5.jar;C:\Users\user\.m2\repository\org\springframework\boot\spring-boot-starter-data-jpa\3.5.0\spring-boot-starter-data-jpa-3.5.0.jar;C:\Users\user\.m2\repository\org\hibernate\orm\hibernate-core\6.6.15.Final\hibernate-core-6.6.15.Final.jar;C:\Users\user\.m2\repository\jakarta\persistence\jakarta.persistence-api\3.1.0\jakarta.persistence-api-3.1.0.jar;C:\Users\user\.m2\repository\jakarta\transaction\jakarta.transaction-api\2.0.1\jakarta.transaction-api-2.0.1.jar;C:\Users\user\.m2\repository\org\hibernate\common\hibernate-commons-annotations\7.0.3.Final\hibernate-commons-annotations-7.0.3.Final.jar;C:\Users\user\.m2\repository\io\smallrye\jandex\3.2.0\jandex-3.2.0.jar;C:\Users\user\.m2\repository\org\glassfish\jaxb\jaxb-runtime\4.0.5\jaxb-runtime-4.0.5.jar;C:\Users\user\.m2\repository\org\glassfish\jaxb\jaxb-core\4.0.5\jaxb-core-4.0.5.jar;C:\Users\user\.m2\repository\org\eclipse\angus\angus-activation\2.0.2\angus-activation-2.0.2.jar;C:\Users\user\.m2\repository\org\glassfish\jaxb\txw2\4.0.5\txw2-4.0.5.jar;C:\Users\user\.m2\repository\com\sun\istack\istack-commons-runtime\4.1.2\istack-commons-runtime-4.1.2.jar;C:\Users\user\.m2\repository\jakarta\inject\jakarta.inject-api\2.0.1\jakarta.inject-api-2.0.1.jar;C:\Users\user\.m2\repository\org\antlr\antlr4-runtime\4.13.0\antlr4-runtime-4.13.0.jar;C:\Users\user\.m2\repository\org\springframework\data\spring-data-jpa\3.5.0\spring-data-jpa-3.5.0.jar;C:\Users\user\.m2\repository\org\springframework\spring-orm\6.2.7\spring-orm-6.2.7.jar;C:\Users\user\.m2\repository\org\springframework\spring-aspects\6.2.7\spring-aspects-6.2.7.jar
Launcher Type: SUN_STANDARD

[Global flags]
     intx CICompilerCount                          = 4                                         {product} {ergonomic}
     uint ConcGCThreads                            = 2                                         {product} {ergonomic}
     uint G1ConcRefinementThreads                  = 8                                         {product} {ergonomic}
   size_t G1HeapRegionSize                         = 1048576                                   {product} {ergonomic}
    uintx GCDrainStackTargetSize                   = 64                                        {product} {ergonomic}
   size_t InitialHeapSize                          = 134217728                                 {product} {ergonomic}
     bool ManagementServer                         = true                                      {product} {command line}
   size_t MarkStackSize                            = 4194304                                   {product} {ergonomic}
   size_t MaxHeapSize                              = 2116026368                                {product} {ergonomic}
   size_t MaxNewSize                               = 1268776960                                {product} {ergonomic}
   size_t MinHeapDeltaBytes                        = 1048576                                   {product} {ergonomic}
   size_t MinHeapSize                              = 8388608                                   {product} {ergonomic}
    uintx NonNMethodCodeHeapSize                   = 4096                                   {pd product} {ergonomic}
    uintx NonProfiledCodeHeapSize                  = 0                                      {pd product} {ergonomic}
     bool ProfileInterpreter                       = false                                  {pd product} {command line}
    uintx ProfiledCodeHeapSize                     = 0                                      {pd product} {ergonomic}
     bool ShowCodeDetailsInExceptionMessages       = true                                   {manageable} {command line}
   size_t SoftMaxHeapSize                          = 2116026368                             {manageable} {ergonomic}
     intx TieredStopAtLevel                        = 1                                         {product} {command line}
     bool UseCompressedOops                        = true                           {product lp64_product} {ergonomic}
     bool UseG1GC                                  = true                                      {product} {ergonomic}
     bool UseLargePagesIndividualAllocation        = false                                  {pd product} {ergonomic}

Logging:
Log output configuration:
 #0: stdout all=warning uptime,level,tags foldmultilines=false
 #1: stderr all=off uptime,level,tags foldmultilines=false

Environment Variables:
PATH=C:/pleiades/2023-09/java/17/bin/server;C:/pleiades/2023-09/java/17/bin;C:\WINDOWS\system32;C:\WINDOWS;C:\WINDOWS\System32\Wbem;C:\WINDOWS\System32\WindowsPowerShell\v1.0\;C:\WINDOWS\System32\OpenSSH\;C:\pleiades\2023-09\java\21\bin;C:\Users\user\AppData\Local\Microsoft\WindowsApps;C:\Users\user\AppData\Local\GitHubDesktop\bin;C:\pleiades\2023-09\eclipse;
USERNAME=user
OS=Windows_NT
PROCESSOR_IDENTIFIER=Intel64 Family 6 Model 142 Stepping 10, GenuineIntel
TMP=C:\Users\user\AppData\Local\Temp
TEMP=C:\Users\user\AppData\Local\Temp




---------------  S Y S T E M  ---------------

OS:
 Windows 11 , 64 bit Build 26100 (10.0.26100.5074)
OS uptime: 21 days 21:26 hours

CPU: total 8 (initial active 8) (4 cores per cpu, 2 threads per core) family 6 model 142 stepping 10 microcode 0xe0, cx8, cmov, fxsr, ht, mmx, 3dnowpref, sse, sse2, sse3, ssse3, sse4.1, sse4.2, popcnt, lzcnt, tsc, tscinvbit, avx, avx2, aes, erms, clmul, bmi1, bmi2, rtm, adx, fma, vzeroupper, clflush, clflushopt, rdtscp, f16c
Processor Information for all 8 processors :
  Max Mhz: 2101, Current Mhz: 2100, Mhz Limit: 2079

Memory: 4k page, system-wide physical 8070M (2347M free)
TotalPageFile size 8710M (AvailPageFile size 2098M)
current process WorkingSet (physical memory assigned to process): 376M, peak: 412M
current process commit charge ("private bytes"): 420M, peak: 533M

vm_info: OpenJDK 64-Bit Server VM (21-beta+35-ea) for windows-amd64 JRE (21-beta+35-ea), built on 2023-09-04 21:31:52 by "admin" with MS VC++ 16.10 / 16.11 (VS2019)

END.
